#
# There is insufficient memory for the Java Runtime Environment to continue.
# Native memory allocation (malloc) failed to allocate 1562192 bytes for Chunk::new
# Possible reasons:
#   The system is out of physical RAM or swap space
#   The process is running with CompressedOops enabled, and the Java Heap may be blocking the growth of the native heap
# Possible solutions:
#   Reduce memory load on the system
#   Increase physical memory or swap space
#   Check if swap backing store is full
#   Decrease Java heap size (-Xmx/-Xms)
#   Decrease number of Java threads
#   Decrease Java thread stack sizes (-Xss)
#   Set larger code cache with -XX:ReservedCodeCacheSize=
#   JVM is running with Unscaled Compressed Oops mode in which the Java heap is
#     placed in the first 4GB address space. The Java Heap base address is the
#     maximum limit for the native heap growth. Please use -XX:HeapBaseMinAddress
#     to set the Java Heap base and to place the Java Heap above 4GB virtual address.
# This output file may be truncated or incomplete.
#
#  Out of Memory Error (arena.cpp:168), pid=19128, tid=23324
#
# JRE version: OpenJDK Runtime Environment (21.0.2+13) (build 21.0.2+13-58)
# Java VM: OpenJDK 64-Bit Server VM (21.0.2+13-58, mixed mode, sharing, tiered, compressed oops, compressed class ptrs, g1 gc, windows-amd64)
# No core dump will be written. Minidumps are not enabled by default on client versions of Windows
#

---------------  S U M M A R Y ------------

Command Line: -Xms256m -Xmx1024m C:\Users\HP\AppData\Local\Temp\surefire6526873323155862521\surefirebooter-20260630235207073_3.jar C:\Users\HP\AppData\Local\Temp\surefire6526873323155862521 2026-06-30T23-52-06_923-jvmRun1 surefire-20260630235207073_1tmp surefire_0-20260630235207073_2tmp

Host: AMD Ryzen 5 5600H with Radeon Graphics         , 12 cores, 19G,  Windows 11 , 64 bit Build 26100 (10.0.26100.8521)
Time: Tue Jun 30 23:52:13 2026 Hora est. Pacífico, Sudamérica elapsed time: 6.099410 seconds (0d 0h 0m 6s)

---------------  T H R E A D  ---------------

Current thread (0x0000017d611603e0):  JavaThread "C2 CompilerThread2" daemon [_thread_in_native, id=23324, stack(0x00000043e7d00000,0x00000043e7e00000) (1024K)]


Current CompileTask:
C2:   6099 5557   !   4       org.springframework.aop.aspectj.AspectJExpressionPointcut::getTargetShadowMatch (98 bytes)

Stack: [0x00000043e7d00000,0x00000043e7e00000]
Native frames: (J=compiled Java code, j=interpreted, Vv=VM code, C=native code)
V  [jvm.dll+0x6cade9]
V  [jvm.dll+0x8569c1]
V  [jvm.dll+0x858d2e]
V  [jvm.dll+0x859413]
V  [jvm.dll+0x280e56]
V  [jvm.dll+0xc3f3d]
V  [jvm.dll+0xc4473]
V  [jvm.dll+0x3b5c2c]
V  [jvm.dll+0x1e2013]
V  [jvm.dll+0x249d22]
V  [jvm.dll+0x2491b1]
V  [jvm.dll+0x1c9634]
V  [jvm.dll+0x258859]
V  [jvm.dll+0x256e3a]
V  [jvm.dll+0x3ef6c6]
V  [jvm.dll+0x7ff568]
V  [jvm.dll+0x6c953d]
C  [ucrtbase.dll+0x2cd30]
C  [KERNEL32.DLL+0x2e957]
C  [ntdll.dll+0x87c1c]


---------------  P R O C E S S  ---------------

Threads class SMR info:
_java_thread_list=0x0000017d643dd0c0, length=24, elements={
0x0000017d7e32c0f0, 0x0000017d611444b0, 0x0000017d61145110, 0x0000017d61148b90,
0x0000017d6114a600, 0x0000017d6114b2e0, 0x0000017d6114dd50, 0x0000017d61159ff0,
0x0000017d6115e8a0, 0x0000017d612e9260, 0x0000017d612e9c50, 0x0000017d616cf2a0,
0x0000017d61885640, 0x0000017d628d6730, 0x0000017d6115ef70, 0x0000017d611603e0,
0x0000017d65d2cfa0, 0x0000017d63a33370, 0x0000017d63a33a00, 0x0000017d63a32650,
0x0000017d63a312a0, 0x0000017d63a31930, 0x0000017d64ebbdb0, 0x0000017d64eb9650
}

Java Threads: ( => current thread )
  0x0000017d7e32c0f0 JavaThread "main"                              [_thread_blocked, id=31480, stack(0x00000043e5b00000,0x00000043e5c00000) (1024K)]
  0x0000017d611444b0 JavaThread "Reference Handler"          daemon [_thread_blocked, id=8444, stack(0x00000043e6300000,0x00000043e6400000) (1024K)]
  0x0000017d61145110 JavaThread "Finalizer"                  daemon [_thread_blocked, id=1328, stack(0x00000043e6400000,0x00000043e6500000) (1024K)]
  0x0000017d61148b90 JavaThread "Signal Dispatcher"          daemon [_thread_blocked, id=16356, stack(0x00000043e6500000,0x00000043e6600000) (1024K)]
  0x0000017d6114a600 JavaThread "Attach Listener"            daemon [_thread_blocked, id=30272, stack(0x00000043e6600000,0x00000043e6700000) (1024K)]
  0x0000017d6114b2e0 JavaThread "Service Thread"             daemon [_thread_blocked, id=25052, stack(0x00000043e6700000,0x00000043e6800000) (1024K)]
  0x0000017d6114dd50 JavaThread "Monitor Deflation Thread"   daemon [_thread_blocked, id=4352, stack(0x00000043e6800000,0x00000043e6900000) (1024K)]
  0x0000017d61159ff0 JavaThread "C2 CompilerThread0"         daemon [_thread_in_native, id=21912, stack(0x00000043e6900000,0x00000043e6a00000) (1024K)]
  0x0000017d6115e8a0 JavaThread "C1 CompilerThread0"         daemon [_thread_in_native, id=30496, stack(0x00000043e6a00000,0x00000043e6b00000) (1024K)]
  0x0000017d612e9260 JavaThread "Notification Thread"        daemon [_thread_blocked, id=11312, stack(0x00000043e6b00000,0x00000043e6c00000) (1024K)]
  0x0000017d612e9c50 JavaThread "Common-Cleaner"             daemon [_thread_blocked, id=19272, stack(0x00000043e6c00000,0x00000043e6d00000) (1024K)]
  0x0000017d616cf2a0 JavaThread "surefire-forkedjvm-stream-flusher" daemon [_thread_blocked, id=28824, stack(0x00000043e6e00000,0x00000043e6f00000) (1024K)]
  0x0000017d61885640 JavaThread "surefire-forkedjvm-command-thread" daemon [_thread_in_native, id=23820, stack(0x00000043e6f00000,0x00000043e7000000) (1024K)]
  0x0000017d628d6730 JavaThread "Keep-Alive-Timer"           daemon [_thread_blocked, id=26444, stack(0x00000043e7c00000,0x00000043e7d00000) (1024K)]
  0x0000017d6115ef70 JavaThread "C2 CompilerThread1"         daemon [_thread_in_native, id=22504, stack(0x00000043e6d00000,0x00000043e6e00000) (1024K)]
=>0x0000017d611603e0 JavaThread "C2 CompilerThread2"         daemon [_thread_in_native, id=23324, stack(0x00000043e7d00000,0x00000043e7e00000) (1024K)]
  0x0000017d65d2cfa0 JavaThread "boundedElastic-evictor-1"   daemon [_thread_blocked, id=1900, stack(0x00000043e7e00000,0x00000043e7f00000) (1024K)]
  0x0000017d63a33370 JavaThread "AsyncGetter-2-thread-1"     daemon [_thread_blocked, id=26104, stack(0x00000043e7f00000,0x00000043e8000000) (1024K)]
  0x0000017d63a33a00 JavaThread "cluster-ClusterId{value='6a449cfc7b453324d20f4011', description='null'}-localhost:27017" daemon [_thread_blocked, id=16320, stack(0x00000043e8000000,0x00000043e8100000) (1024K)]
  0x0000017d63a32650 JavaThread "cluster-rtt-ClusterId{value='6a449cfc7b453324d20f4011', description='null'}-localhost:27017" daemon [_thread_blocked, id=21308, stack(0x00000043e8100000,0x00000043e8200000) (1024K)]
  0x0000017d63a312a0 JavaThread "nioEventLoopGroup-2-2"             [_thread_in_native, id=11188, stack(0x00000043e8200000,0x00000043e8300000) (1024K)]
  0x0000017d63a31930 JavaThread "nioEventLoopGroup-2-1"             [_thread_in_native, id=23408, stack(0x00000043e8300000,0x00000043e8400000) (1024K)]
  0x0000017d64ebbdb0 JavaThread "nioEventLoopGroup-2-3"             [_thread_in_native, id=15128, stack(0x00000043e8400000,0x00000043e8500000) (1024K)]
  0x0000017d64eb9650 JavaThread "nioEventLoopGroup-2-4"             [_thread_in_native, id=13980, stack(0x00000043e8500000,0x00000043e8600000) (1024K)]
Total: 24

Other Threads:
  0x0000017d1bec08c0 VMThread "VM Thread"                           [id=25212, stack(0x00000043e6200000,0x00000043e6300000) (1024K)]
  0x0000017d1bea6880 WatcherThread "VM Periodic Task Thread"        [id=28856, stack(0x00000043e6100000,0x00000043e6200000) (1024K)]
  0x0000017d7e72cb20 WorkerThread "GC Thread#0"                     [id=252, stack(0x00000043e5c00000,0x00000043e5d00000) (1024K)]
  0x0000017d61d67a00 WorkerThread "GC Thread#1"                     [id=15796, stack(0x00000043e7000000,0x00000043e7100000) (1024K)]
  0x0000017d6220f2d0 WorkerThread "GC Thread#2"                     [id=23512, stack(0x00000043e7100000,0x00000043e7200000) (1024K)]
  0x0000017d6213c3d0 WorkerThread "GC Thread#3"                     [id=31536, stack(0x00000043e7200000,0x00000043e7300000) (1024K)]
  0x0000017d6213c770 WorkerThread "GC Thread#4"                     [id=27516, stack(0x00000043e7300000,0x00000043e7400000) (1024K)]
  0x0000017d6220fe80 WorkerThread "GC Thread#5"                     [id=19384, stack(0x00000043e7400000,0x00000043e7500000) (1024K)]
  0x0000017d62054e00 WorkerThread "GC Thread#6"                     [id=24164, stack(0x00000043e7500000,0x00000043e7600000) (1024K)]
  0x0000017d61def690 WorkerThread "GC Thread#7"                     [id=27672, stack(0x00000043e7600000,0x00000043e7700000) (1024K)]
  0x0000017d627b1a50 WorkerThread "GC Thread#8"                     [id=4480, stack(0x00000043e7700000,0x00000043e7800000) (1024K)]
  0x0000017d62664960 WorkerThread "GC Thread#9"                     [id=6972, stack(0x00000043e7800000,0x00000043e7900000) (1024K)]
  0x0000017d7e735b00 ConcurrentGCThread "G1 Main Marker"            [id=4108, stack(0x00000043e5d00000,0x00000043e5e00000) (1024K)]
  0x0000017d7e737c90 WorkerThread "G1 Conc#0"                       [id=7480, stack(0x00000043e5e00000,0x00000043e5f00000) (1024K)]
  0x0000017d62664220 WorkerThread "G1 Conc#1"                       [id=16076, stack(0x00000043e7900000,0x00000043e7a00000) (1024K)]
  0x0000017d62665b80 WorkerThread "G1 Conc#2"                       [id=24856, stack(0x00000043e7b00000,0x00000043e7c00000) (1024K)]
  0x0000017d7e7bead0 ConcurrentGCThread "G1 Refine#0"               [id=26024, stack(0x00000043e5f00000,0x00000043e6000000) (1024K)]
  0x0000017d1bd807e0 ConcurrentGCThread "G1 Service"                [id=15224, stack(0x00000043e6000000,0x00000043e6100000) (1024K)]
Total: 18

Threads with active compile tasks:
C2 CompilerThread0     7139 5568   !   4       org.springframework.aop.aspectj.AspectJExpressionPointcut::getShadowMatch (292 bytes)
C2 CompilerThread1     7139 5548       4       org.springframework.aop.aspectj.AspectJExpressionPointcut::matches (74 bytes)
C2 CompilerThread2     7139 5557   !   4       org.springframework.aop.aspectj.AspectJExpressionPointcut::getTargetShadowMatch (98 bytes)
Total: 3

VM state: not at safepoint (normal execution)

VM Mutex/Monitor currently owned by a thread: None

Heap address: 0x00000000c0000000, size: 1024 MB, Compressed Oops mode: 32-bit

CDS archive(s) mapped at: [0x0000017d1c000000-0x0000017d1cc90000-0x0000017d1cc90000), size 13172736, SharedBaseAddress: 0x0000017d1c000000, ArchiveRelocationMode: 1.
Compressed class space mapped at: 0x0000017d1d000000-0x0000017d5d000000, reserved size: 1073741824
Narrow klass base: 0x0000017d1c000000, Narrow klass shift: 0, Narrow klass range: 0x100000000

GC Precious Log:
 CardTable entry size: 512
 Card Set container configuration: InlinePtr #cards 5 size 8 Array Of Cards #cards 12 size 40 Howl #buckets 4 coarsen threshold 1843 Howl Bitmap #cards 512 size 80 coarsen threshold 460 Card regions per heap region 1 cards per card region 2048
 CPUs: 12 total, 12 available
 Memory: 20332M
 Large Page Support: Disabled
 NUMA Support: Disabled
 Compressed Oops: Enabled (32-bit)
 Heap Region Size: 1M
 Heap Min Capacity: 256M
 Heap Initial Capacity: 256M
 Heap Max Capacity: 1G
 Pre-touch: Disabled
 Parallel Workers: 10
 Concurrent Workers: 3
 Concurrent Refinement Workers: 10
 Periodic GC: Disabled

Heap:
 garbage-first heap   total 262144K, used 146296K [0x00000000c0000000, 0x0000000100000000)
  region size 1024K, 135 young (138240K), 11 survivors (11264K)
 Metaspace       used 51252K, committed 51776K, reserved 1114112K
  class space    used 6797K, committed 7040K, reserved 1048576K

Heap Regions: E=young(eden), S=young(survivor), O=old, HS=humongous(starts), HC=humongous(continues), CS=collection set, F=free, TAMS=top-at-mark-start, PB=parsable bottom
|   0|0x00000000c0000000, 0x00000000c0100000, 0x00000000c0100000|100%|HS|  |TAMS 0x00000000c0000000| PB 0x00000000c0000000| Complete 
|   1|0x00000000c0100000, 0x00000000c0200000, 0x00000000c0200000|100%| O|  |TAMS 0x00000000c0100000| PB 0x00000000c0100000| Untracked 
|   2|0x00000000c0200000, 0x00000000c0300000, 0x00000000c0300000|100%| O|  |TAMS 0x00000000c0200000| PB 0x00000000c0200000| Untracked 
|   3|0x00000000c0300000, 0x00000000c0400000, 0x00000000c0400000|100%| O|  |TAMS 0x00000000c0300000| PB 0x00000000c0300000| Untracked 
|   4|0x00000000c0400000, 0x00000000c0500000, 0x00000000c0500000|100%| O|  |TAMS 0x00000000c0400000| PB 0x00000000c0400000| Untracked 
|   5|0x00000000c0500000, 0x00000000c0600000, 0x00000000c0600000|100%| O|  |TAMS 0x00000000c0500000| PB 0x00000000c0500000| Untracked 
|   6|0x00000000c0600000, 0x00000000c0700000, 0x00000000c0700000|100%| O|  |TAMS 0x00000000c0600000| PB 0x00000000c0600000| Untracked 
|   7|0x00000000c0700000, 0x00000000c0800000, 0x00000000c0800000|100%| O|  |TAMS 0x00000000c0700000| PB 0x00000000c0700000| Untracked 
|   8|0x00000000c0800000, 0x00000000c0900000, 0x00000000c0900000|100%| O|  |TAMS 0x00000000c0800000| PB 0x00000000c0800000| Untracked 
|   9|0x00000000c0900000, 0x00000000c09f7310, 0x00000000c0a00000| 96%| O|  |TAMS 0x00000000c0900000| PB 0x00000000c0900000| Untracked 
|  10|0x00000000c0a00000, 0x00000000c0a00000, 0x00000000c0b00000|  0%| F|  |TAMS 0x00000000c0a00000| PB 0x00000000c0a00000| Untracked 
|  11|0x00000000c0b00000, 0x00000000c0b00000, 0x00000000c0c00000|  0%| F|  |TAMS 0x00000000c0b00000| PB 0x00000000c0b00000| Untracked 
|  12|0x00000000c0c00000, 0x00000000c0c00000, 0x00000000c0d00000|  0%| F|  |TAMS 0x00000000c0c00000| PB 0x00000000c0c00000| Untracked 
|  13|0x00000000c0d00000, 0x00000000c0d00000, 0x00000000c0e00000|  0%| F|  |TAMS 0x00000000c0d00000| PB 0x00000000c0d00000| Untracked 
|  14|0x00000000c0e00000, 0x00000000c0e00000, 0x00000000c0f00000|  0%| F|  |TAMS 0x00000000c0e00000| PB 0x00000000c0e00000| Untracked 
|  15|0x00000000c0f00000, 0x00000000c0f00000, 0x00000000c1000000|  0%| F|  |TAMS 0x00000000c0f00000| PB 0x00000000c0f00000| Untracked 
|  16|0x00000000c1000000, 0x00000000c1000000, 0x00000000c1100000|  0%| F|  |TAMS 0x00000000c1000000| PB 0x00000000c1000000| Untracked 
|  17|0x00000000c1100000, 0x00000000c1100000, 0x00000000c1200000|  0%| F|  |TAMS 0x00000000c1100000| PB 0x00000000c1100000| Untracked 
|  18|0x00000000c1200000, 0x00000000c1200000, 0x00000000c1300000|  0%| F|  |TAMS 0x00000000c1200000| PB 0x00000000c1200000| Untracked 
|  19|0x00000000c1300000, 0x00000000c1300000, 0x00000000c1400000|  0%| F|  |TAMS 0x00000000c1300000| PB 0x00000000c1300000| Untracked 
|  20|0x00000000c1400000, 0x00000000c1400000, 0x00000000c1500000|  0%| F|  |TAMS 0x00000000c1400000| PB 0x00000000c1400000| Untracked 
|  21|0x00000000c1500000, 0x00000000c1500000, 0x00000000c1600000|  0%| F|  |TAMS 0x00000000c1500000| PB 0x00000000c1500000| Untracked 
|  22|0x00000000c1600000, 0x00000000c1600000, 0x00000000c1700000|  0%| F|  |TAMS 0x00000000c1600000| PB 0x00000000c1600000| Untracked 
|  23|0x00000000c1700000, 0x00000000c1700000, 0x00000000c1800000|  0%| F|  |TAMS 0x00000000c1700000| PB 0x00000000c1700000| Untracked 
|  24|0x00000000c1800000, 0x00000000c1800000, 0x00000000c1900000|  0%| F|  |TAMS 0x00000000c1800000| PB 0x00000000c1800000| Untracked 
|  25|0x00000000c1900000, 0x00000000c1900000, 0x00000000c1a00000|  0%| F|  |TAMS 0x00000000c1900000| PB 0x00000000c1900000| Untracked 
|  26|0x00000000c1a00000, 0x00000000c1a00000, 0x00000000c1b00000|  0%| F|  |TAMS 0x00000000c1a00000| PB 0x00000000c1a00000| Untracked 
|  27|0x00000000c1b00000, 0x00000000c1b00000, 0x00000000c1c00000|  0%| F|  |TAMS 0x00000000c1b00000| PB 0x00000000c1b00000| Untracked 
|  28|0x00000000c1c00000, 0x00000000c1c00000, 0x00000000c1d00000|  0%| F|  |TAMS 0x00000000c1c00000| PB 0x00000000c1c00000| Untracked 
|  29|0x00000000c1d00000, 0x00000000c1d00000, 0x00000000c1e00000|  0%| F|  |TAMS 0x00000000c1d00000| PB 0x00000000c1d00000| Untracked 
|  30|0x00000000c1e00000, 0x00000000c1e00000, 0x00000000c1f00000|  0%| F|  |TAMS 0x00000000c1e00000| PB 0x00000000c1e00000| Untracked 
|  31|0x00000000c1f00000, 0x00000000c1f00000, 0x00000000c2000000|  0%| F|  |TAMS 0x00000000c1f00000| PB 0x00000000c1f00000| Untracked 
|  32|0x00000000c2000000, 0x00000000c2000000, 0x00000000c2100000|  0%| F|  |TAMS 0x00000000c2000000| PB 0x00000000c2000000| Untracked 
|  33|0x00000000c2100000, 0x00000000c2100000, 0x00000000c2200000|  0%| F|  |TAMS 0x00000000c2100000| PB 0x00000000c2100000| Untracked 
|  34|0x00000000c2200000, 0x00000000c2200000, 0x00000000c2300000|  0%| F|  |TAMS 0x00000000c2200000| PB 0x00000000c2200000| Untracked 
|  35|0x00000000c2300000, 0x00000000c2300000, 0x00000000c2400000|  0%| F|  |TAMS 0x00000000c2300000| PB 0x00000000c2300000| Untracked 
|  36|0x00000000c2400000, 0x00000000c2400000, 0x00000000c2500000|  0%| F|  |TAMS 0x00000000c2400000| PB 0x00000000c2400000| Untracked 
|  37|0x00000000c2500000, 0x00000000c2500000, 0x00000000c2600000|  0%| F|  |TAMS 0x00000000c2500000| PB 0x00000000c2500000| Untracked 
|  38|0x00000000c2600000, 0x00000000c2600000, 0x00000000c2700000|  0%| F|  |TAMS 0x00000000c2600000| PB 0x00000000c2600000| Untracked 
|  39|0x00000000c2700000, 0x00000000c2700000, 0x00000000c2800000|  0%| F|  |TAMS 0x00000000c2700000| PB 0x00000000c2700000| Untracked 
|  40|0x00000000c2800000, 0x00000000c2800000, 0x00000000c2900000|  0%| F|  |TAMS 0x00000000c2800000| PB 0x00000000c2800000| Untracked 
|  41|0x00000000c2900000, 0x00000000c2900000, 0x00000000c2a00000|  0%| F|  |TAMS 0x00000000c2900000| PB 0x00000000c2900000| Untracked 
|  42|0x00000000c2a00000, 0x00000000c2a00000, 0x00000000c2b00000|  0%| F|  |TAMS 0x00000000c2a00000| PB 0x00000000c2a00000| Untracked 
|  43|0x00000000c2b00000, 0x00000000c2b00000, 0x00000000c2c00000|  0%| F|  |TAMS 0x00000000c2b00000| PB 0x00000000c2b00000| Untracked 
|  44|0x00000000c2c00000, 0x00000000c2c00000, 0x00000000c2d00000|  0%| F|  |TAMS 0x00000000c2c00000| PB 0x00000000c2c00000| Untracked 
|  45|0x00000000c2d00000, 0x00000000c2d00000, 0x00000000c2e00000|  0%| F|  |TAMS 0x00000000c2d00000| PB 0x00000000c2d00000| Untracked 
|  46|0x00000000c2e00000, 0x00000000c2e00000, 0x00000000c2f00000|  0%| F|  |TAMS 0x00000000c2e00000| PB 0x00000000c2e00000| Untracked 
|  47|0x00000000c2f00000, 0x00000000c2f00000, 0x00000000c3000000|  0%| F|  |TAMS 0x00000000c2f00000| PB 0x00000000c2f00000| Untracked 
|  48|0x00000000c3000000, 0x00000000c3000000, 0x00000000c3100000|  0%| F|  |TAMS 0x00000000c3000000| PB 0x00000000c3000000| Untracked 
|  49|0x00000000c3100000, 0x00000000c3100000, 0x00000000c3200000|  0%| F|  |TAMS 0x00000000c3100000| PB 0x00000000c3100000| Untracked 
|  50|0x00000000c3200000, 0x00000000c3200000, 0x00000000c3300000|  0%| F|  |TAMS 0x00000000c3200000| PB 0x00000000c3200000| Untracked 
|  51|0x00000000c3300000, 0x00000000c3300000, 0x00000000c3400000|  0%| F|  |TAMS 0x00000000c3300000| PB 0x00000000c3300000| Untracked 
|  52|0x00000000c3400000, 0x00000000c3400000, 0x00000000c3500000|  0%| F|  |TAMS 0x00000000c3400000| PB 0x00000000c3400000| Untracked 
|  53|0x00000000c3500000, 0x00000000c3500000, 0x00000000c3600000|  0%| F|  |TAMS 0x00000000c3500000| PB 0x00000000c3500000| Untracked 
|  54|0x00000000c3600000, 0x00000000c3600000, 0x00000000c3700000|  0%| F|  |TAMS 0x00000000c3600000| PB 0x00000000c3600000| Untracked 
|  55|0x00000000c3700000, 0x00000000c3700000, 0x00000000c3800000|  0%| F|  |TAMS 0x00000000c3700000| PB 0x00000000c3700000| Untracked 
|  56|0x00000000c3800000, 0x00000000c3800000, 0x00000000c3900000|  0%| F|  |TAMS 0x00000000c3800000| PB 0x00000000c3800000| Untracked 
|  57|0x00000000c3900000, 0x00000000c3900000, 0x00000000c3a00000|  0%| F|  |TAMS 0x00000000c3900000| PB 0x00000000c3900000| Untracked 
|  58|0x00000000c3a00000, 0x00000000c3a00000, 0x00000000c3b00000|  0%| F|  |TAMS 0x00000000c3a00000| PB 0x00000000c3a00000| Untracked 
|  59|0x00000000c3b00000, 0x00000000c3b00000, 0x00000000c3c00000|  0%| F|  |TAMS 0x00000000c3b00000| PB 0x00000000c3b00000| Untracked 
|  60|0x00000000c3c00000, 0x00000000c3c00000, 0x00000000c3d00000|  0%| F|  |TAMS 0x00000000c3c00000| PB 0x00000000c3c00000| Untracked 
|  61|0x00000000c3d00000, 0x00000000c3d00000, 0x00000000c3e00000|  0%| F|  |TAMS 0x00000000c3d00000| PB 0x00000000c3d00000| Untracked 
|  62|0x00000000c3e00000, 0x00000000c3e00000, 0x00000000c3f00000|  0%| F|  |TAMS 0x00000000c3e00000| PB 0x00000000c3e00000| Untracked 
|  63|0x00000000c3f00000, 0x00000000c3f00000, 0x00000000c4000000|  0%| F|  |TAMS 0x00000000c3f00000| PB 0x00000000c3f00000| Untracked 
|  64|0x00000000c4000000, 0x00000000c4000000, 0x00000000c4100000|  0%| F|  |TAMS 0x00000000c4000000| PB 0x00000000c4000000| Untracked 
|  65|0x00000000c4100000, 0x00000000c4100000, 0x00000000c4200000|  0%| F|  |TAMS 0x00000000c4100000| PB 0x00000000c4100000| Untracked 
|  66|0x00000000c4200000, 0x00000000c4200000, 0x00000000c4300000|  0%| F|  |TAMS 0x00000000c4200000| PB 0x00000000c4200000| Untracked 
|  67|0x00000000c4300000, 0x00000000c4300000, 0x00000000c4400000|  0%| F|  |TAMS 0x00000000c4300000| PB 0x00000000c4300000| Untracked 
|  68|0x00000000c4400000, 0x00000000c4400000, 0x00000000c4500000|  0%| F|  |TAMS 0x00000000c4400000| PB 0x00000000c4400000| Untracked 
|  69|0x00000000c4500000, 0x00000000c4500000, 0x00000000c4600000|  0%| F|  |TAMS 0x00000000c4500000| PB 0x00000000c4500000| Untracked 
|  70|0x00000000c4600000, 0x00000000c4600000, 0x00000000c4700000|  0%| F|  |TAMS 0x00000000c4600000| PB 0x00000000c4600000| Untracked 
|  71|0x00000000c4700000, 0x00000000c4700000, 0x00000000c4800000|  0%| F|  |TAMS 0x00000000c4700000| PB 0x00000000c4700000| Untracked 
|  72|0x00000000c4800000, 0x00000000c4800000, 0x00000000c4900000|  0%| F|  |TAMS 0x00000000c4800000| PB 0x00000000c4800000| Untracked 
|  73|0x00000000c4900000, 0x00000000c4900000, 0x00000000c4a00000|  0%| F|  |TAMS 0x00000000c4900000| PB 0x00000000c4900000| Untracked 
|  74|0x00000000c4a00000, 0x00000000c4a00000, 0x00000000c4b00000|  0%| F|  |TAMS 0x00000000c4a00000| PB 0x00000000c4a00000| Untracked 
|  75|0x00000000c4b00000, 0x00000000c4b00000, 0x00000000c4c00000|  0%| F|  |TAMS 0x00000000c4b00000| PB 0x00000000c4b00000| Untracked 
|  76|0x00000000c4c00000, 0x00000000c4c00000, 0x00000000c4d00000|  0%| F|  |TAMS 0x00000000c4c00000| PB 0x00000000c4c00000| Untracked 
|  77|0x00000000c4d00000, 0x00000000c4d00000, 0x00000000c4e00000|  0%| F|  |TAMS 0x00000000c4d00000| PB 0x00000000c4d00000| Untracked 
|  78|0x00000000c4e00000, 0x00000000c4e00000, 0x00000000c4f00000|  0%| F|  |TAMS 0x00000000c4e00000| PB 0x00000000c4e00000| Untracked 
|  79|0x00000000c4f00000, 0x00000000c4f00000, 0x00000000c5000000|  0%| F|  |TAMS 0x00000000c4f00000| PB 0x00000000c4f00000| Untracked 
|  80|0x00000000c5000000, 0x00000000c5000000, 0x00000000c5100000|  0%| F|  |TAMS 0x00000000c5000000| PB 0x00000000c5000000| Untracked 
|  81|0x00000000c5100000, 0x00000000c5100000, 0x00000000c5200000|  0%| F|  |TAMS 0x00000000c5100000| PB 0x00000000c5100000| Untracked 
|  82|0x00000000c5200000, 0x00000000c5200000, 0x00000000c5300000|  0%| F|  |TAMS 0x00000000c5200000| PB 0x00000000c5200000| Untracked 
|  83|0x00000000c5300000, 0x00000000c5300000, 0x00000000c5400000|  0%| F|  |TAMS 0x00000000c5300000| PB 0x00000000c5300000| Untracked 
|  84|0x00000000c5400000, 0x00000000c5400000, 0x00000000c5500000|  0%| F|  |TAMS 0x00000000c5400000| PB 0x00000000c5400000| Untracked 
|  85|0x00000000c5500000, 0x00000000c5500000, 0x00000000c5600000|  0%| F|  |TAMS 0x00000000c5500000| PB 0x00000000c5500000| Untracked 
|  86|0x00000000c5600000, 0x00000000c5600000, 0x00000000c5700000|  0%| F|  |TAMS 0x00000000c5600000| PB 0x00000000c5600000| Untracked 
|  87|0x00000000c5700000, 0x00000000c5700000, 0x00000000c5800000|  0%| F|  |TAMS 0x00000000c5700000| PB 0x00000000c5700000| Untracked 
|  88|0x00000000c5800000, 0x00000000c5800000, 0x00000000c5900000|  0%| F|  |TAMS 0x00000000c5800000| PB 0x00000000c5800000| Untracked 
|  89|0x00000000c5900000, 0x00000000c5900000, 0x00000000c5a00000|  0%| F|  |TAMS 0x00000000c5900000| PB 0x00000000c5900000| Untracked 
|  90|0x00000000c5a00000, 0x00000000c5a00000, 0x00000000c5b00000|  0%| F|  |TAMS 0x00000000c5a00000| PB 0x00000000c5a00000| Untracked 
|  91|0x00000000c5b00000, 0x00000000c5b00000, 0x00000000c5c00000|  0%| F|  |TAMS 0x00000000c5b00000| PB 0x00000000c5b00000| Untracked 
|  92|0x00000000c5c00000, 0x00000000c5c00000, 0x00000000c5d00000|  0%| F|  |TAMS 0x00000000c5c00000| PB 0x00000000c5c00000| Untracked 
|  93|0x00000000c5d00000, 0x00000000c5d00000, 0x00000000c5e00000|  0%| F|  |TAMS 0x00000000c5d00000| PB 0x00000000c5d00000| Untracked 
|  94|0x00000000c5e00000, 0x00000000c5e00000, 0x00000000c5f00000|  0%| F|  |TAMS 0x00000000c5e00000| PB 0x00000000c5e00000| Untracked 
|  95|0x00000000c5f00000, 0x00000000c5f00000, 0x00000000c6000000|  0%| F|  |TAMS 0x00000000c5f00000| PB 0x00000000c5f00000| Untracked 
|  96|0x00000000c6000000, 0x00000000c6000000, 0x00000000c6100000|  0%| F|  |TAMS 0x00000000c6000000| PB 0x00000000c6000000| Untracked 
|  97|0x00000000c6100000, 0x00000000c6100000, 0x00000000c6200000|  0%| F|  |TAMS 0x00000000c6100000| PB 0x00000000c6100000| Untracked 
|  98|0x00000000c6200000, 0x00000000c6200000, 0x00000000c6300000|  0%| F|  |TAMS 0x00000000c6200000| PB 0x00000000c6200000| Untracked 
|  99|0x00000000c6300000, 0x00000000c6300000, 0x00000000c6400000|  0%| F|  |TAMS 0x00000000c6300000| PB 0x00000000c6300000| Untracked 
| 100|0x00000000c6400000, 0x00000000c6400000, 0x00000000c6500000|  0%| F|  |TAMS 0x00000000c6400000| PB 0x00000000c6400000| Untracked 
| 101|0x00000000c6500000, 0x00000000c6500000, 0x00000000c6600000|  0%| F|  |TAMS 0x00000000c6500000| PB 0x00000000c6500000| Untracked 
| 102|0x00000000c6600000, 0x00000000c6600000, 0x00000000c6700000|  0%| F|  |TAMS 0x00000000c6600000| PB 0x00000000c6600000| Untracked 
| 103|0x00000000c6700000, 0x00000000c6700000, 0x00000000c6800000|  0%| F|  |TAMS 0x00000000c6700000| PB 0x00000000c6700000| Untracked 
| 104|0x00000000c6800000, 0x00000000c6800000, 0x00000000c6900000|  0%| F|  |TAMS 0x00000000c6800000| PB 0x00000000c6800000| Untracked 
| 105|0x00000000c6900000, 0x00000000c6900000, 0x00000000c6a00000|  0%| F|  |TAMS 0x00000000c6900000| PB 0x00000000c6900000| Untracked 
| 106|0x00000000c6a00000, 0x00000000c6a00000, 0x00000000c6b00000|  0%| F|  |TAMS 0x00000000c6a00000| PB 0x00000000c6a00000| Untracked 
| 107|0x00000000c6b00000, 0x00000000c6b00000, 0x00000000c6c00000|  0%| F|  |TAMS 0x00000000c6b00000| PB 0x00000000c6b00000| Untracked 
| 108|0x00000000c6c00000, 0x00000000c6c00000, 0x00000000c6d00000|  0%| F|  |TAMS 0x00000000c6c00000| PB 0x00000000c6c00000| Untracked 
| 109|0x00000000c6d00000, 0x00000000c6d00000, 0x00000000c6e00000|  0%| F|  |TAMS 0x00000000c6d00000| PB 0x00000000c6d00000| Untracked 
| 110|0x00000000c6e00000, 0x00000000c6e00000, 0x00000000c6f00000|  0%| F|  |TAMS 0x00000000c6e00000| PB 0x00000000c6e00000| Untracked 
| 111|0x00000000c6f00000, 0x00000000c6f00000, 0x00000000c7000000|  0%| F|  |TAMS 0x00000000c6f00000| PB 0x00000000c6f00000| Untracked 
| 112|0x00000000c7000000, 0x00000000c7000000, 0x00000000c7100000|  0%| F|  |TAMS 0x00000000c7000000| PB 0x00000000c7000000| Untracked 
| 113|0x00000000c7100000, 0x00000000c7100000, 0x00000000c7200000|  0%| F|  |TAMS 0x00000000c7100000| PB 0x00000000c7100000| Untracked 
| 114|0x00000000c7200000, 0x00000000c7200000, 0x00000000c7300000|  0%| F|  |TAMS 0x00000000c7200000| PB 0x00000000c7200000| Untracked 
| 115|0x00000000c7300000, 0x00000000c7300000, 0x00000000c7400000|  0%| F|  |TAMS 0x00000000c7300000| PB 0x00000000c7300000| Untracked 
| 116|0x00000000c7400000, 0x00000000c7400000, 0x00000000c7500000|  0%| F|  |TAMS 0x00000000c7400000| PB 0x00000000c7400000| Untracked 
| 117|0x00000000c7500000, 0x00000000c7500000, 0x00000000c7600000|  0%| F|  |TAMS 0x00000000c7500000| PB 0x00000000c7500000| Untracked 
| 118|0x00000000c7600000, 0x00000000c7600000, 0x00000000c7700000|  0%| F|  |TAMS 0x00000000c7600000| PB 0x00000000c7600000| Untracked 
| 119|0x00000000c7700000, 0x00000000c7700000, 0x00000000c7800000|  0%| F|  |TAMS 0x00000000c7700000| PB 0x00000000c7700000| Untracked 
| 120|0x00000000c7800000, 0x00000000c7800000, 0x00000000c7900000|  0%| F|  |TAMS 0x00000000c7800000| PB 0x00000000c7800000| Untracked 
| 121|0x00000000c7900000, 0x00000000c7980800, 0x00000000c7a00000| 50%| E|  |TAMS 0x00000000c7900000| PB 0x00000000c7900000| Complete 
| 122|0x00000000c7a00000, 0x00000000c7b00000, 0x00000000c7b00000|100%| E|CS|TAMS 0x00000000c7a00000| PB 0x00000000c7a00000| Complete 
| 123|0x00000000c7b00000, 0x00000000c7c00000, 0x00000000c7c00000|100%| E|CS|TAMS 0x00000000c7b00000| PB 0x00000000c7b00000| Complete 
| 124|0x00000000c7c00000, 0x00000000c7d00000, 0x00000000c7d00000|100%| E|  |TAMS 0x00000000c7c00000| PB 0x00000000c7c00000| Complete 
| 125|0x00000000c7d00000, 0x00000000c7e00000, 0x00000000c7e00000|100%| E|CS|TAMS 0x00000000c7d00000| PB 0x00000000c7d00000| Complete 
| 126|0x00000000c7e00000, 0x00000000c7f00000, 0x00000000c7f00000|100%| E|CS|TAMS 0x00000000c7e00000| PB 0x00000000c7e00000| Complete 
| 127|0x00000000c7f00000, 0x00000000c8000000, 0x00000000c8000000|100%| E|CS|TAMS 0x00000000c7f00000| PB 0x00000000c7f00000| Complete 
| 128|0x00000000c8000000, 0x00000000c8100000, 0x00000000c8100000|100%| E|CS|TAMS 0x00000000c8000000| PB 0x00000000c8000000| Complete 
| 129|0x00000000c8100000, 0x00000000c8200000, 0x00000000c8200000|100%| E|CS|TAMS 0x00000000c8100000| PB 0x00000000c8100000| Complete 
| 130|0x00000000c8200000, 0x00000000c8300000, 0x00000000c8300000|100%| E|CS|TAMS 0x00000000c8200000| PB 0x00000000c8200000| Complete 
| 131|0x00000000c8300000, 0x00000000c8400000, 0x00000000c8400000|100%| E|CS|TAMS 0x00000000c8300000| PB 0x00000000c8300000| Complete 
| 132|0x00000000c8400000, 0x00000000c8500000, 0x00000000c8500000|100%| E|CS|TAMS 0x00000000c8400000| PB 0x00000000c8400000| Complete 
| 133|0x00000000c8500000, 0x00000000c8600000, 0x00000000c8600000|100%| E|CS|TAMS 0x00000000c8500000| PB 0x00000000c8500000| Complete 
| 134|0x00000000c8600000, 0x00000000c8700000, 0x00000000c8700000|100%| E|CS|TAMS 0x00000000c8600000| PB 0x00000000c8600000| Complete 
| 135|0x00000000c8700000, 0x00000000c87e6e40, 0x00000000c8800000| 90%| S|CS|TAMS 0x00000000c8700000| PB 0x00000000c8700000| Complete 
| 136|0x00000000c8800000, 0x00000000c8900000, 0x00000000c8900000|100%| S|CS|TAMS 0x00000000c8800000| PB 0x00000000c8800000| Complete 
| 137|0x00000000c8900000, 0x00000000c8a00000, 0x00000000c8a00000|100%| S|CS|TAMS 0x00000000c8900000| PB 0x00000000c8900000| Complete 
| 138|0x00000000c8a00000, 0x00000000c8b00000, 0x00000000c8b00000|100%| S|CS|TAMS 0x00000000c8a00000| PB 0x00000000c8a00000| Complete 
| 139|0x00000000c8b00000, 0x00000000c8c00000, 0x00000000c8c00000|100%| S|CS|TAMS 0x00000000c8b00000| PB 0x00000000c8b00000| Complete 
| 140|0x00000000c8c00000, 0x00000000c8d00000, 0x00000000c8d00000|100%| S|CS|TAMS 0x00000000c8c00000| PB 0x00000000c8c00000| Complete 
| 141|0x00000000c8d00000, 0x00000000c8e00000, 0x00000000c8e00000|100%| S|CS|TAMS 0x00000000c8d00000| PB 0x00000000c8d00000| Complete 
| 142|0x00000000c8e00000, 0x00000000c8f00000, 0x00000000c8f00000|100%| S|CS|TAMS 0x00000000c8e00000| PB 0x00000000c8e00000| Complete 
| 143|0x00000000c8f00000, 0x00000000c9000000, 0x00000000c9000000|100%| S|CS|TAMS 0x00000000c8f00000| PB 0x00000000c8f00000| Complete 
| 144|0x00000000c9000000, 0x00000000c9100000, 0x00000000c9100000|100%| S|CS|TAMS 0x00000000c9000000| PB 0x00000000c9000000| Complete 
| 145|0x00000000c9100000, 0x00000000c9200000, 0x00000000c9200000|100%| S|CS|TAMS 0x00000000c9100000| PB 0x00000000c9100000| Complete 
| 146|0x00000000c9200000, 0x00000000c9300000, 0x00000000c9300000|100%| E|CS|TAMS 0x00000000c9200000| PB 0x00000000c9200000| Complete 
| 147|0x00000000c9300000, 0x00000000c9400000, 0x00000000c9400000|100%| E|CS|TAMS 0x00000000c9300000| PB 0x00000000c9300000| Complete 
| 148|0x00000000c9400000, 0x00000000c9500000, 0x00000000c9500000|100%| E|CS|TAMS 0x00000000c9400000| PB 0x00000000c9400000| Complete 
| 149|0x00000000c9500000, 0x00000000c9600000, 0x00000000c9600000|100%| E|CS|TAMS 0x00000000c9500000| PB 0x00000000c9500000| Complete 
| 150|0x00000000c9600000, 0x00000000c9700000, 0x00000000c9700000|100%| E|CS|TAMS 0x00000000c9600000| PB 0x00000000c9600000| Complete 
| 151|0x00000000c9700000, 0x00000000c9800000, 0x00000000c9800000|100%| E|CS|TAMS 0x00000000c9700000| PB 0x00000000c9700000| Complete 
| 152|0x00000000c9800000, 0x00000000c9900000, 0x00000000c9900000|100%| E|CS|TAMS 0x00000000c9800000| PB 0x00000000c9800000| Complete 
| 153|0x00000000c9900000, 0x00000000c9a00000, 0x00000000c9a00000|100%| E|CS|TAMS 0x00000000c9900000| PB 0x00000000c9900000| Complete 
| 154|0x00000000c9a00000, 0x00000000c9b00000, 0x00000000c9b00000|100%| E|CS|TAMS 0x00000000c9a00000| PB 0x00000000c9a00000| Complete 
| 155|0x00000000c9b00000, 0x00000000c9c00000, 0x00000000c9c00000|100%| E|CS|TAMS 0x00000000c9b00000| PB 0x00000000c9b00000| Complete 
| 156|0x00000000c9c00000, 0x00000000c9d00000, 0x00000000c9d00000|100%| E|CS|TAMS 0x00000000c9c00000| PB 0x00000000c9c00000| Complete 
| 157|0x00000000c9d00000, 0x00000000c9e00000, 0x00000000c9e00000|100%| E|CS|TAMS 0x00000000c9d00000| PB 0x00000000c9d00000| Complete 
| 158|0x00000000c9e00000, 0x00000000c9f00000, 0x00000000c9f00000|100%| E|CS|TAMS 0x00000000c9e00000| PB 0x00000000c9e00000| Complete 
| 159|0x00000000c9f00000, 0x00000000ca000000, 0x00000000ca000000|100%| E|CS|TAMS 0x00000000c9f00000| PB 0x00000000c9f00000| Complete 
| 160|0x00000000ca000000, 0x00000000ca100000, 0x00000000ca100000|100%| E|CS|TAMS 0x00000000ca000000| PB 0x00000000ca000000| Complete 
| 161|0x00000000ca100000, 0x00000000ca200000, 0x00000000ca200000|100%| E|CS|TAMS 0x00000000ca100000| PB 0x00000000ca100000| Complete 
| 162|0x00000000ca200000, 0x00000000ca300000, 0x00000000ca300000|100%| E|CS|TAMS 0x00000000ca200000| PB 0x00000000ca200000| Complete 
| 163|0x00000000ca300000, 0x00000000ca400000, 0x00000000ca400000|100%| E|CS|TAMS 0x00000000ca300000| PB 0x00000000ca300000| Complete 
| 164|0x00000000ca400000, 0x00000000ca500000, 0x00000000ca500000|100%| E|CS|TAMS 0x00000000ca400000| PB 0x00000000ca400000| Complete 
| 165|0x00000000ca500000, 0x00000000ca600000, 0x00000000ca600000|100%| E|CS|TAMS 0x00000000ca500000| PB 0x00000000ca500000| Complete 
| 166|0x00000000ca600000, 0x00000000ca700000, 0x00000000ca700000|100%| E|CS|TAMS 0x00000000ca600000| PB 0x00000000ca600000| Complete 
| 167|0x00000000ca700000, 0x00000000ca800000, 0x00000000ca800000|100%| E|CS|TAMS 0x00000000ca700000| PB 0x00000000ca700000| Complete 
| 168|0x00000000ca800000, 0x00000000ca900000, 0x00000000ca900000|100%| E|CS|TAMS 0x00000000ca800000| PB 0x00000000ca800000| Complete 
| 169|0x00000000ca900000, 0x00000000caa00000, 0x00000000caa00000|100%| E|CS|TAMS 0x00000000ca900000| PB 0x00000000ca900000| Complete 
| 170|0x00000000caa00000, 0x00000000cab00000, 0x00000000cab00000|100%| E|CS|TAMS 0x00000000caa00000| PB 0x00000000caa00000| Complete 
| 171|0x00000000cab00000, 0x00000000cac00000, 0x00000000cac00000|100%| E|CS|TAMS 0x00000000cab00000| PB 0x00000000cab00000| Complete 
| 172|0x00000000cac00000, 0x00000000cad00000, 0x00000000cad00000|100%| E|CS|TAMS 0x00000000cac00000| PB 0x00000000cac00000| Complete 
| 173|0x00000000cad00000, 0x00000000cae00000, 0x00000000cae00000|100%| E|CS|TAMS 0x00000000cad00000| PB 0x00000000cad00000| Complete 
| 174|0x00000000cae00000, 0x00000000caf00000, 0x00000000caf00000|100%| E|CS|TAMS 0x00000000cae00000| PB 0x00000000cae00000| Complete 
| 175|0x00000000caf00000, 0x00000000cb000000, 0x00000000cb000000|100%| E|CS|TAMS 0x00000000caf00000| PB 0x00000000caf00000| Complete 
| 176|0x00000000cb000000, 0x00000000cb100000, 0x00000000cb100000|100%| E|CS|TAMS 0x00000000cb000000| PB 0x00000000cb000000| Complete 
| 177|0x00000000cb100000, 0x00000000cb200000, 0x00000000cb200000|100%| E|CS|TAMS 0x00000000cb100000| PB 0x00000000cb100000| Complete 
| 178|0x00000000cb200000, 0x00000000cb300000, 0x00000000cb300000|100%| E|CS|TAMS 0x00000000cb200000| PB 0x00000000cb200000| Complete 
| 179|0x00000000cb300000, 0x00000000cb400000, 0x00000000cb400000|100%| E|CS|TAMS 0x00000000cb300000| PB 0x00000000cb300000| Complete 
| 180|0x00000000cb400000, 0x00000000cb500000, 0x00000000cb500000|100%| E|CS|TAMS 0x00000000cb400000| PB 0x00000000cb400000| Complete 
| 181|0x00000000cb500000, 0x00000000cb600000, 0x00000000cb600000|100%| E|CS|TAMS 0x00000000cb500000| PB 0x00000000cb500000| Complete 
| 182|0x00000000cb600000, 0x00000000cb700000, 0x00000000cb700000|100%| E|CS|TAMS 0x00000000cb600000| PB 0x00000000cb600000| Complete 
| 183|0x00000000cb700000, 0x00000000cb800000, 0x00000000cb800000|100%| E|CS|TAMS 0x00000000cb700000| PB 0x00000000cb700000| Complete 
| 184|0x00000000cb800000, 0x00000000cb900000, 0x00000000cb900000|100%| E|CS|TAMS 0x00000000cb800000| PB 0x00000000cb800000| Complete 
| 185|0x00000000cb900000, 0x00000000cba00000, 0x00000000cba00000|100%| E|CS|TAMS 0x00000000cb900000| PB 0x00000000cb900000| Complete 
| 186|0x00000000cba00000, 0x00000000cbb00000, 0x00000000cbb00000|100%| E|CS|TAMS 0x00000000cba00000| PB 0x00000000cba00000| Complete 
| 187|0x00000000cbb00000, 0x00000000cbc00000, 0x00000000cbc00000|100%| E|CS|TAMS 0x00000000cbb00000| PB 0x00000000cbb00000| Complete 
| 188|0x00000000cbc00000, 0x00000000cbd00000, 0x00000000cbd00000|100%| E|CS|TAMS 0x00000000cbc00000| PB 0x00000000cbc00000| Complete 
| 189|0x00000000cbd00000, 0x00000000cbe00000, 0x00000000cbe00000|100%| E|CS|TAMS 0x00000000cbd00000| PB 0x00000000cbd00000| Complete 
| 190|0x00000000cbe00000, 0x00000000cbf00000, 0x00000000cbf00000|100%| E|CS|TAMS 0x00000000cbe00000| PB 0x00000000cbe00000| Complete 
| 191|0x00000000cbf00000, 0x00000000cc000000, 0x00000000cc000000|100%| E|CS|TAMS 0x00000000cbf00000| PB 0x00000000cbf00000| Complete 
| 192|0x00000000cc000000, 0x00000000cc100000, 0x00000000cc100000|100%| E|CS|TAMS 0x00000000cc000000| PB 0x00000000cc000000| Complete 
| 193|0x00000000cc100000, 0x00000000cc200000, 0x00000000cc200000|100%| E|CS|TAMS 0x00000000cc100000| PB 0x00000000cc100000| Complete 
| 194|0x00000000cc200000, 0x00000000cc300000, 0x00000000cc300000|100%| E|CS|TAMS 0x00000000cc200000| PB 0x00000000cc200000| Complete 
| 195|0x00000000cc300000, 0x00000000cc400000, 0x00000000cc400000|100%| E|CS|TAMS 0x00000000cc300000| PB 0x00000000cc300000| Complete 
| 196|0x00000000cc400000, 0x00000000cc500000, 0x00000000cc500000|100%| E|CS|TAMS 0x00000000cc400000| PB 0x00000000cc400000| Complete 
| 197|0x00000000cc500000, 0x00000000cc600000, 0x00000000cc600000|100%| E|CS|TAMS 0x00000000cc500000| PB 0x00000000cc500000| Complete 
| 198|0x00000000cc600000, 0x00000000cc700000, 0x00000000cc700000|100%| E|CS|TAMS 0x00000000cc600000| PB 0x00000000cc600000| Complete 
| 199|0x00000000cc700000, 0x00000000cc800000, 0x00000000cc800000|100%| E|CS|TAMS 0x00000000cc700000| PB 0x00000000cc700000| Complete 
| 200|0x00000000cc800000, 0x00000000cc900000, 0x00000000cc900000|100%| E|CS|TAMS 0x00000000cc800000| PB 0x00000000cc800000| Complete 
| 201|0x00000000cc900000, 0x00000000cca00000, 0x00000000cca00000|100%| E|CS|TAMS 0x00000000cc900000| PB 0x00000000cc900000| Complete 
| 202|0x00000000cca00000, 0x00000000ccb00000, 0x00000000ccb00000|100%| E|CS|TAMS 0x00000000cca00000| PB 0x00000000cca00000| Complete 
| 203|0x00000000ccb00000, 0x00000000ccc00000, 0x00000000ccc00000|100%| E|CS|TAMS 0x00000000ccb00000| PB 0x00000000ccb00000| Complete 
| 204|0x00000000ccc00000, 0x00000000ccd00000, 0x00000000ccd00000|100%| E|CS|TAMS 0x00000000ccc00000| PB 0x00000000ccc00000| Complete 
| 205|0x00000000ccd00000, 0x00000000cce00000, 0x00000000cce00000|100%| E|CS|TAMS 0x00000000ccd00000| PB 0x00000000ccd00000| Complete 
| 206|0x00000000cce00000, 0x00000000ccf00000, 0x00000000ccf00000|100%| E|CS|TAMS 0x00000000cce00000| PB 0x00000000cce00000| Complete 
| 207|0x00000000ccf00000, 0x00000000cd000000, 0x00000000cd000000|100%| E|CS|TAMS 0x00000000ccf00000| PB 0x00000000ccf00000| Complete 
| 208|0x00000000cd000000, 0x00000000cd100000, 0x00000000cd100000|100%| E|CS|TAMS 0x00000000cd000000| PB 0x00000000cd000000| Complete 
| 209|0x00000000cd100000, 0x00000000cd200000, 0x00000000cd200000|100%| E|CS|TAMS 0x00000000cd100000| PB 0x00000000cd100000| Complete 
| 210|0x00000000cd200000, 0x00000000cd300000, 0x00000000cd300000|100%| E|CS|TAMS 0x00000000cd200000| PB 0x00000000cd200000| Complete 
| 211|0x00000000cd300000, 0x00000000cd400000, 0x00000000cd400000|100%| E|CS|TAMS 0x00000000cd300000| PB 0x00000000cd300000| Complete 
| 212|0x00000000cd400000, 0x00000000cd500000, 0x00000000cd500000|100%| E|CS|TAMS 0x00000000cd400000| PB 0x00000000cd400000| Complete 
| 213|0x00000000cd500000, 0x00000000cd600000, 0x00000000cd600000|100%| E|CS|TAMS 0x00000000cd500000| PB 0x00000000cd500000| Complete 
| 214|0x00000000cd600000, 0x00000000cd700000, 0x00000000cd700000|100%| E|CS|TAMS 0x00000000cd600000| PB 0x00000000cd600000| Complete 
| 215|0x00000000cd700000, 0x00000000cd800000, 0x00000000cd800000|100%| E|CS|TAMS 0x00000000cd700000| PB 0x00000000cd700000| Complete 
| 216|0x00000000cd800000, 0x00000000cd900000, 0x00000000cd900000|100%| E|CS|TAMS 0x00000000cd800000| PB 0x00000000cd800000| Complete 
| 217|0x00000000cd900000, 0x00000000cda00000, 0x00000000cda00000|100%| E|CS|TAMS 0x00000000cd900000| PB 0x00000000cd900000| Complete 
| 218|0x00000000cda00000, 0x00000000cdb00000, 0x00000000cdb00000|100%| E|CS|TAMS 0x00000000cda00000| PB 0x00000000cda00000| Complete 
| 219|0x00000000cdb00000, 0x00000000cdc00000, 0x00000000cdc00000|100%| E|CS|TAMS 0x00000000cdb00000| PB 0x00000000cdb00000| Complete 
| 220|0x00000000cdc00000, 0x00000000cdd00000, 0x00000000cdd00000|100%| E|CS|TAMS 0x00000000cdc00000| PB 0x00000000cdc00000| Complete 
| 221|0x00000000cdd00000, 0x00000000cde00000, 0x00000000cde00000|100%| E|CS|TAMS 0x00000000cdd00000| PB 0x00000000cdd00000| Complete 
| 222|0x00000000cde00000, 0x00000000cdf00000, 0x00000000cdf00000|100%| E|CS|TAMS 0x00000000cde00000| PB 0x00000000cde00000| Complete 
| 223|0x00000000cdf00000, 0x00000000ce000000, 0x00000000ce000000|100%| E|CS|TAMS 0x00000000cdf00000| PB 0x00000000cdf00000| Complete 
| 224|0x00000000ce000000, 0x00000000ce100000, 0x00000000ce100000|100%| E|CS|TAMS 0x00000000ce000000| PB 0x00000000ce000000| Complete 
| 225|0x00000000ce100000, 0x00000000ce200000, 0x00000000ce200000|100%| E|CS|TAMS 0x00000000ce100000| PB 0x00000000ce100000| Complete 
| 226|0x00000000ce200000, 0x00000000ce300000, 0x00000000ce300000|100%| E|CS|TAMS 0x00000000ce200000| PB 0x00000000ce200000| Complete 
| 227|0x00000000ce300000, 0x00000000ce400000, 0x00000000ce400000|100%| E|CS|TAMS 0x00000000ce300000| PB 0x00000000ce300000| Complete 
| 228|0x00000000ce400000, 0x00000000ce500000, 0x00000000ce500000|100%| E|CS|TAMS 0x00000000ce400000| PB 0x00000000ce400000| Complete 
| 229|0x00000000ce500000, 0x00000000ce600000, 0x00000000ce600000|100%| E|CS|TAMS 0x00000000ce500000| PB 0x00000000ce500000| Complete 
| 230|0x00000000ce600000, 0x00000000ce700000, 0x00000000ce700000|100%| E|CS|TAMS 0x00000000ce600000| PB 0x00000000ce600000| Complete 
| 231|0x00000000ce700000, 0x00000000ce800000, 0x00000000ce800000|100%| E|CS|TAMS 0x00000000ce700000| PB 0x00000000ce700000| Complete 
| 232|0x00000000ce800000, 0x00000000ce900000, 0x00000000ce900000|100%| E|CS|TAMS 0x00000000ce800000| PB 0x00000000ce800000| Complete 
| 233|0x00000000ce900000, 0x00000000cea00000, 0x00000000cea00000|100%| E|CS|TAMS 0x00000000ce900000| PB 0x00000000ce900000| Complete 
| 234|0x00000000cea00000, 0x00000000ceb00000, 0x00000000ceb00000|100%| E|CS|TAMS 0x00000000cea00000| PB 0x00000000cea00000| Complete 
| 235|0x00000000ceb00000, 0x00000000cec00000, 0x00000000cec00000|100%| E|CS|TAMS 0x00000000ceb00000| PB 0x00000000ceb00000| Complete 
| 236|0x00000000cec00000, 0x00000000ced00000, 0x00000000ced00000|100%| E|CS|TAMS 0x00000000cec00000| PB 0x00000000cec00000| Complete 
| 237|0x00000000ced00000, 0x00000000cee00000, 0x00000000cee00000|100%| E|CS|TAMS 0x00000000ced00000| PB 0x00000000ced00000| Complete 
| 238|0x00000000cee00000, 0x00000000cef00000, 0x00000000cef00000|100%| E|CS|TAMS 0x00000000cee00000| PB 0x00000000cee00000| Complete 
| 239|0x00000000cef00000, 0x00000000cf000000, 0x00000000cf000000|100%| E|CS|TAMS 0x00000000cef00000| PB 0x00000000cef00000| Complete 
| 240|0x00000000cf000000, 0x00000000cf100000, 0x00000000cf100000|100%| E|CS|TAMS 0x00000000cf000000| PB 0x00000000cf000000| Complete 
| 241|0x00000000cf100000, 0x00000000cf200000, 0x00000000cf200000|100%| E|CS|TAMS 0x00000000cf100000| PB 0x00000000cf100000| Complete 
| 242|0x00000000cf200000, 0x00000000cf300000, 0x00000000cf300000|100%| E|CS|TAMS 0x00000000cf200000| PB 0x00000000cf200000| Complete 
| 243|0x00000000cf300000, 0x00000000cf400000, 0x00000000cf400000|100%| E|CS|TAMS 0x00000000cf300000| PB 0x00000000cf300000| Complete 
| 244|0x00000000cf400000, 0x00000000cf500000, 0x00000000cf500000|100%| E|CS|TAMS 0x00000000cf400000| PB 0x00000000cf400000| Complete 
| 245|0x00000000cf500000, 0x00000000cf600000, 0x00000000cf600000|100%| E|CS|TAMS 0x00000000cf500000| PB 0x00000000cf500000| Complete 
| 246|0x00000000cf600000, 0x00000000cf700000, 0x00000000cf700000|100%| E|CS|TAMS 0x00000000cf600000| PB 0x00000000cf600000| Complete 
| 247|0x00000000cf700000, 0x00000000cf800000, 0x00000000cf800000|100%| E|CS|TAMS 0x00000000cf700000| PB 0x00000000cf700000| Complete 
| 248|0x00000000cf800000, 0x00000000cf900000, 0x00000000cf900000|100%| E|CS|TAMS 0x00000000cf800000| PB 0x00000000cf800000| Complete 
| 249|0x00000000cf900000, 0x00000000cfa00000, 0x00000000cfa00000|100%| E|CS|TAMS 0x00000000cf900000| PB 0x00000000cf900000| Complete 
| 250|0x00000000cfa00000, 0x00000000cfb00000, 0x00000000cfb00000|100%| E|CS|TAMS 0x00000000cfa00000| PB 0x00000000cfa00000| Complete 
| 251|0x00000000cfb00000, 0x00000000cfc00000, 0x00000000cfc00000|100%| E|CS|TAMS 0x00000000cfb00000| PB 0x00000000cfb00000| Complete 
| 252|0x00000000cfc00000, 0x00000000cfd00000, 0x00000000cfd00000|100%| E|CS|TAMS 0x00000000cfc00000| PB 0x00000000cfc00000| Complete 
| 253|0x00000000cfd00000, 0x00000000cfe00000, 0x00000000cfe00000|100%| E|CS|TAMS 0x00000000cfd00000| PB 0x00000000cfd00000| Complete 
| 254|0x00000000cfe00000, 0x00000000cff00000, 0x00000000cff00000|100%| E|CS|TAMS 0x00000000cfe00000| PB 0x00000000cfe00000| Complete 
| 255|0x00000000cff00000, 0x00000000d0000000, 0x00000000d0000000|100%| E|CS|TAMS 0x00000000cff00000| PB 0x00000000cff00000| Complete 

Card table byte_map: [0x0000017d18030000,0x0000017d18230000] _byte_map_base: 0x0000017d17a30000

Marking Bits: (CMBitMap*) 0x0000017d7e72d220
 Bits: [0x0000017d18230000, 0x0000017d19230000)

Polling page: 0x0000017d7e430000

Metaspace:

Usage:
  Non-class:     43.46 MB used.
      Class:      6.65 MB used.
       Both:     50.12 MB used.

Virtual space:
  Non-class space:       64.00 MB reserved,      43.75 MB ( 68%) committed,  1 nodes.
      Class space:        1.00 GB reserved,       6.88 MB ( <1%) committed,  1 nodes.
             Both:        1.06 GB reserved,      50.62 MB (  5%) committed. 

Chunk freelists:
   Non-Class:  4.09 MB
       Class:  9.17 MB
        Both:  13.26 MB

MaxMetaspaceSize: unlimited
CompressedClassSpaceSize: 1.00 GB
Initial GC threshold: 21.00 MB
Current GC threshold: 59.00 MB
CDS: on
 - commit_granule_bytes: 65536.
 - commit_granule_words: 8192.
 - virtual_space_node_default_size: 8388608.
 - enlarge_chunks_in_place: 1.
 - use_allocation_guard: 0.


Internal statistics:

num_allocs_failed_limit: 6.
num_arena_births: 668.
num_arena_deaths: 0.
num_vsnodes_births: 2.
num_vsnodes_deaths: 0.
num_space_committed: 810.
num_space_uncommitted: 0.
num_chunks_returned_to_freelist: 6.
num_chunks_taken_from_freelist: 2542.
num_chunk_merges: 6.
num_chunk_splits: 1757.
num_chunks_enlarged: 1348.
num_inconsistent_stats: 0.

CodeHeap 'non-profiled nmethods': size=120000Kb used=3602Kb max_used=3602Kb free=116397Kb
 bounds [0x0000017d0fe60000, 0x0000017d101f0000, 0x0000017d17390000]
CodeHeap 'profiled nmethods': size=120000Kb used=11837Kb max_used=11837Kb free=108162Kb
 bounds [0x0000017d08390000, 0x0000017d08f20000, 0x0000017d0f8c0000]
CodeHeap 'non-nmethods': size=5760Kb used=1586Kb max_used=1610Kb free=4173Kb
 bounds [0x0000017d0f8c0000, 0x0000017d0fb30000, 0x0000017d0fe60000]
 total_blobs=6080 nmethods=5432 adapters=552
 compilation: enabled
              stopped_count=0, restarted_count=0
 full_count=0

Compilation events (20 events):
Event: 5.901 Thread 0x0000017d6115e8a0 5805       2       java.lang.StringUTF16::codePointAt (86 bytes)
Event: 5.901 Thread 0x0000017d6115e8a0 nmethod 5805 0x0000017d08f12390 code [0x0000017d08f12540, 0x0000017d08f12788]
Event: 5.901 Thread 0x0000017d6115e8a0 5811       2       java.text.RBTableBuilder::getContractOrder (62 bytes)
Event: 5.901 Thread 0x0000017d6115e8a0 nmethod 5811 0x0000017d08f12910 code [0x0000017d08f12b00, 0x0000017d08f12df8]
Event: 5.901 Thread 0x0000017d6115e8a0 5802       2       sun.text.UCompactIntArray::setElementAt (60 bytes)
Event: 5.901 Thread 0x0000017d6115e8a0 nmethod 5802 0x0000017d08f13010 code [0x0000017d08f131e0, 0x0000017d08f13470]
Event: 5.902 Thread 0x0000017d6115e8a0 5803       2       java.text.RBTableBuilder::addOrder (79 bytes)
Event: 5.902 Thread 0x0000017d6115e8a0 nmethod 5803 0x0000017d08f13690 code [0x0000017d08f13880, 0x0000017d08f13bb8]
Event: 5.902 Thread 0x0000017d6115e8a0 5812       2       java.text.RBTableBuilder::getContractValues (18 bytes)
Event: 5.902 Thread 0x0000017d6115e8a0 nmethod 5812 0x0000017d08f13d90 code [0x0000017d08f13f60, 0x0000017d08f14148]
Event: 5.902 Thread 0x0000017d6115e8a0 5792       2       jdk.internal.icu.impl.NormalizerImpl::isDecompNoAlgorithmic (14 bytes)
Event: 5.902 Thread 0x0000017d6115e8a0 nmethod 5792 0x0000017d08f14290 code [0x0000017d08f14420, 0x0000017d08f14538]
Event: 5.902 Thread 0x0000017d6115e8a0 5796       2       jdk.internal.icu.util.CodePointTrie::internalSmallIndex (212 bytes)
Event: 5.902 Thread 0x0000017d6115e8a0 nmethod 5796 0x0000017d08f14610 code [0x0000017d08f147c0, 0x0000017d08f14a00]
Event: 5.902 Thread 0x0000017d6115e8a0 5801       2       java.text.RBTableBuilder::getCharOrder (41 bytes)
Event: 5.903 Thread 0x0000017d6115e8a0 nmethod 5801 0x0000017d08f14b90 code [0x0000017d08f14d80, 0x0000017d08f15198]
Event: 5.903 Thread 0x0000017d6115e8a0 5810       2       sun.text.ComposedCharIter::decomposition (9 bytes)
Event: 5.903 Thread 0x0000017d6115e8a0 nmethod 5810 0x0000017d08f15510 code [0x0000017d08f156c0, 0x0000017d08f15800]
Event: 5.911 Thread 0x0000017d6115e8a0 5813  s    1       java.lang.StringBuffer::length (5 bytes)
Event: 5.911 Thread 0x0000017d6115e8a0 nmethod 5813 0x0000017d101e2b90 code [0x0000017d101e2d20, 0x0000017d101e2ea8]

GC Heap History (8 events):
Event: 0.480 GC heap before
{Heap before GC invocations=0 (full 0):
 garbage-first heap   total 262144K, used 24576K [0x00000000c0000000, 0x0000000100000000)
  region size 1024K, 23 young (23552K), 0 survivors (0K)
 Metaspace       used 4027K, committed 4096K, reserved 1114112K
  class space    used 421K, committed 448K, reserved 1048576K
}
Event: 0.484 GC heap after
{Heap after GC invocations=1 (full 0):
 garbage-first heap   total 262144K, used 9927K [0x00000000c0000000, 0x0000000100000000)
  region size 1024K, 3 young (3072K), 3 survivors (3072K)
 Metaspace       used 4027K, committed 4096K, reserved 1114112K
  class space    used 421K, committed 448K, reserved 1048576K
}
Event: 1.103 GC heap before
{Heap before GC invocations=1 (full 0):
 garbage-first heap   total 262144K, used 33479K [0x00000000c0000000, 0x0000000100000000)
  region size 1024K, 26 young (26624K), 3 survivors (3072K)
 Metaspace       used 10314K, committed 10560K, reserved 1114112K
  class space    used 1230K, committed 1344K, reserved 1048576K
}
Event: 1.107 GC heap after
{Heap after GC invocations=2 (full 0):
 garbage-first heap   total 262144K, used 12201K [0x00000000c0000000, 0x0000000100000000)
  region size 1024K, 2 young (2048K), 2 survivors (2048K)
 Metaspace       used 10314K, committed 10560K, reserved 1114112K
  class space    used 1230K, committed 1344K, reserved 1048576K
}
Event: 2.043 GC heap before
{Heap before GC invocations=2 (full 0):
 garbage-first heap   total 262144K, used 52137K [0x00000000c0000000, 0x0000000100000000)
  region size 1024K, 43 young (44032K), 2 survivors (2048K)
 Metaspace       used 21234K, committed 21504K, reserved 1114112K
  class space    used 2677K, committed 2816K, reserved 1048576K
}
Event: 2.046 GC heap after
{Heap after GC invocations=3 (full 0):
 garbage-first heap   total 262144K, used 14653K [0x00000000c0000000, 0x0000000100000000)
  region size 1024K, 5 young (5120K), 5 survivors (5120K)
 Metaspace       used 21234K, committed 21504K, reserved 1114112K
  class space    used 2677K, committed 2816K, reserved 1048576K
}
Event: 4.024 GC heap before
{Heap before GC invocations=4 (full 0):
 garbage-first heap   total 262144K, used 121149K [0x00000000c0000000, 0x0000000100000000)
  region size 1024K, 110 young (112640K), 5 survivors (5120K)
 Metaspace       used 35728K, committed 36096K, reserved 1114112K
  class space    used 4809K, committed 4992K, reserved 1048576K
}
Event: 4.032 GC heap after
{Heap after GC invocations=5 (full 0):
 garbage-first heap   total 262144K, used 21368K [0x00000000c0000000, 0x0000000100000000)
  region size 1024K, 11 young (11264K), 11 survivors (11264K)
 Metaspace       used 35728K, committed 36096K, reserved 1114112K
  class space    used 4809K, committed 4992K, reserved 1048576K
}

Dll operation events (10 events):
Event: 0.008 Loaded shared library C:\Java\jdk-21.0.2\bin\java.dll
Event: 0.035 Loaded shared library C:\Java\jdk-21.0.2\bin\jsvml.dll
Event: 0.050 Loaded shared library C:\Java\jdk-21.0.2\bin\net.dll
Event: 0.052 Loaded shared library C:\Java\jdk-21.0.2\bin\nio.dll
Event: 0.054 Loaded shared library C:\Java\jdk-21.0.2\bin\zip.dll
Event: 0.120 Loaded shared library C:\Java\jdk-21.0.2\bin\management.dll
Event: 0.124 Loaded shared library C:\Java\jdk-21.0.2\bin\management_ext.dll
Event: 0.141 Loaded shared library C:\Java\jdk-21.0.2\bin\jimage.dll
Event: 1.893 Loaded shared library C:\Java\jdk-21.0.2\bin\extnet.dll
Event: 5.589 Loaded shared library C:\Java\jdk-21.0.2\bin\sunmscapi.dll

Deoptimization events (20 events):
Event: 5.891 Thread 0x0000017d7e32c0f0 Uncommon trap: trap_request=0xffffff45 fr.pc=0x0000017d0ff535ac relative=0x00000000000002ec
Event: 5.891 Thread 0x0000017d7e32c0f0 Uncommon trap: reason=unstable_if action=reinterpret pc=0x0000017d0ff535ac method=java.lang.StringUTF16.compress([CII)[B @ 13 c2
Event: 5.891 Thread 0x0000017d7e32c0f0 DEOPT PACKING pc=0x0000017d0ff535ac sp=0x00000043e5bf48b0
Event: 5.891 Thread 0x0000017d7e32c0f0 DEOPT UNPACKING pc=0x0000017d0f9146a2 sp=0x00000043e5bf4778 mode 2
Event: 5.892 Thread 0x0000017d7e32c0f0 Uncommon trap: trap_request=0xffffff45 fr.pc=0x0000017d0fe772e8 relative=0x0000000000000048
Event: 5.892 Thread 0x0000017d7e32c0f0 Uncommon trap: reason=unstable_if action=reinterpret pc=0x0000017d0fe772e8 method=java.lang.StringLatin1.canEncode(I)Z @ 4 c2
Event: 5.892 Thread 0x0000017d7e32c0f0 DEOPT PACKING pc=0x0000017d0fe772e8 sp=0x00000043e5bf57b0
Event: 5.892 Thread 0x0000017d7e32c0f0 DEOPT UNPACKING pc=0x0000017d0f9146a2 sp=0x00000043e5bf5740 mode 2
Event: 5.892 Thread 0x0000017d7e32c0f0 Uncommon trap: trap_request=0xffffff45 fr.pc=0x0000017d0fe90280 relative=0x0000000000000620
Event: 5.892 Thread 0x0000017d7e32c0f0 Uncommon trap: reason=unstable_if action=reinterpret pc=0x0000017d0fe90280 method=java.lang.String.substring(II)Ljava/lang/String; @ 31 c2
Event: 5.892 Thread 0x0000017d7e32c0f0 DEOPT PACKING pc=0x0000017d0fe90280 sp=0x00000043e5bf5870
Event: 5.892 Thread 0x0000017d7e32c0f0 DEOPT UNPACKING pc=0x0000017d0f9146a2 sp=0x00000043e5bf5840 mode 2
Event: 5.892 Thread 0x0000017d7e32c0f0 Uncommon trap: trap_request=0xffffff45 fr.pc=0x0000017d0fef8528 relative=0x0000000000000188
Event: 5.892 Thread 0x0000017d7e32c0f0 Uncommon trap: reason=unstable_if action=reinterpret pc=0x0000017d0fef8528 method=java.lang.String.equals(Ljava/lang/Object;)Z @ 33 c2
Event: 5.892 Thread 0x0000017d7e32c0f0 DEOPT PACKING pc=0x0000017d0fef8528 sp=0x00000043e5bf58c0
Event: 5.892 Thread 0x0000017d7e32c0f0 DEOPT UNPACKING pc=0x0000017d0f9146a2 sp=0x00000043e5bf5850 mode 2
Event: 5.895 Thread 0x0000017d7e32c0f0 Uncommon trap: trap_request=0xffffff45 fr.pc=0x0000017d10127b68 relative=0x00000000000004e8
Event: 5.895 Thread 0x0000017d7e32c0f0 Uncommon trap: reason=unstable_if action=reinterpret pc=0x0000017d10127b68 method=java.lang.AbstractStringBuilder.<init>(Ljava/lang/String;)V @ 40 c2
Event: 5.895 Thread 0x0000017d7e32c0f0 DEOPT PACKING pc=0x0000017d10127b68 sp=0x00000043e5bf5920
Event: 5.895 Thread 0x0000017d7e32c0f0 DEOPT UNPACKING pc=0x0000017d0f9146a2 sp=0x00000043e5bf58d0 mode 2

Classes loaded (20 events):
Event: 5.905 Loading class jdk/internal/icu/text/NormalizerBase
Event: 5.905 Loading class jdk/internal/icu/text/NormalizerBase done
Event: 5.906 Loading class jdk/internal/icu/text/NormalizerBase$NONEMode
Event: 5.906 Loading class jdk/internal/icu/text/NormalizerBase$NONEMode done
Event: 5.906 Loading class jdk/internal/icu/text/NormalizerBase$NFDMode
Event: 5.906 Loading class jdk/internal/icu/text/NormalizerBase$NFDMode done
Event: 5.906 Loading class jdk/internal/icu/text/NormalizerBase$NFKDMode
Event: 5.906 Loading class jdk/internal/icu/text/NormalizerBase$NFKDMode done
Event: 5.906 Loading class jdk/internal/icu/text/NormalizerBase$NFCMode
Event: 5.906 Loading class jdk/internal/icu/text/NormalizerBase$NFCMode done
Event: 5.906 Loading class jdk/internal/icu/text/NormalizerBase$NFKCMode
Event: 5.906 Loading class jdk/internal/icu/text/NormalizerBase$NFKCMode done
Event: 5.906 Loading class jdk/internal/icu/text/UCharacterIterator
Event: 5.906 Loading class jdk/internal/icu/text/UCharacterIterator done
Event: 5.906 Loading class jdk/internal/icu/impl/ReplaceableUCharacterIterator
Event: 5.906 Loading class jdk/internal/icu/impl/ReplaceableUCharacterIterator done
Event: 5.906 Loading class jdk/internal/icu/text/ReplaceableString
Event: 5.906 Loading class jdk/internal/icu/text/Replaceable
Event: 5.906 Loading class jdk/internal/icu/text/Replaceable done
Event: 5.906 Loading class jdk/internal/icu/text/ReplaceableString done

Classes unloaded (0 events):
No events

Classes redefined (0 events):
No events

Internal exceptions (20 events):
Event: 5.103 Thread 0x0000017d7e32c0f0 Exception <a 'java/lang/IncompatibleClassChangeError'{0x00000000cbf6a400}: Found class java.lang.Object, but interface was expected> (0x00000000cbf6a400) 
thrown [s\open\src\hotspot\share\interpreter\linkResolver.cpp, line 840]
Event: 5.105 Thread 0x0000017d7e32c0f0 Exception <a 'java/lang/IncompatibleClassChangeError'{0x00000000cbf77548}: Found class java.lang.Object, but interface was expected> (0x00000000cbf77548) 
thrown [s\open\src\hotspot\share\interpreter\linkResolver.cpp, line 840]
Event: 5.108 Thread 0x0000017d7e32c0f0 Exception <a 'java/lang/IncompatibleClassChangeError'{0x00000000cbfa20b0}: Found class java.lang.Object, but interface was expected> (0x00000000cbfa20b0) 
thrown [s\open\src\hotspot\share\interpreter\linkResolver.cpp, line 840]
Event: 5.218 Thread 0x0000017d7e32c0f0 Exception <a 'java/lang/NoSuchMethodError'{0x00000000cb495118}: 'java.lang.Object java.lang.invoke.DirectMethodHandle$Holder.invokeVirtual(java.lang.Object, java.lang.Object, java.lang.Object, java.lang.Object, java.lang.Object)'> (0x00000000cb495118) 
thrown [s\open\src\hotspot\share\interpreter\linkResolver.cpp, line 773]
Event: 5.226 Thread 0x0000017d7e32c0f0 Exception <a 'java/lang/IncompatibleClassChangeError'{0x00000000cb4f9a70}: Found class java.lang.Object, but interface was expected> (0x00000000cb4f9a70) 
thrown [s\open\src\hotspot\share\interpreter\linkResolver.cpp, line 840]
Event: 5.243 Thread 0x0000017d7e32c0f0 Exception <a 'java/lang/NoSuchMethodError'{0x00000000cb3bfff8}: 'double java.lang.invoke.DirectMethodHandle$Holder.invokeStatic(java.lang.Object, java.lang.Object)'> (0x00000000cb3bfff8) 
thrown [s\open\src\hotspot\share\interpreter\linkResolver.cpp, line 773]
Event: 5.252 Thread 0x0000017d7e32c0f0 Exception <a 'java/lang/NoSuchMethodError'{0x00000000cb23c0f0}: 'double java.lang.invoke.DirectMethodHandle$Holder.invokeSpecial(java.lang.Object, java.lang.Object, java.lang.Object)'> (0x00000000cb23c0f0) 
thrown [s\open\src\hotspot\share\interpreter\linkResolver.cpp, line 773]
Event: 5.321 Thread 0x0000017d7e32c0f0 Exception <a 'java/lang/NoSuchMethodError'{0x00000000cac53af0}: 'java.lang.Object java.lang.invoke.DirectMethodHandle$Holder.invokeVirtual(java.lang.Object, java.lang.Object, java.lang.Object, java.lang.Object, java.lang.Object, java.lang.Object)'> (0x00000000cac53af0) 
thrown [s\open\src\hotspot\share\interpreter\linkResolver.cpp, line 773]
Event: 5.498 Thread 0x0000017d7e32c0f0 Exception <a 'java/lang/NoSuchMethodError'{0x00000000c9d3ebd8}: 'void java.lang.invoke.DirectMethodHandle$Holder.invokeSpecial(java.lang.Object, java.lang.Object, java.lang.Object, java.lang.Object, java.lang.Object, java.lang.Object, java.lang.Object)'> (0x00000000c9d3ebd8) 
thrown [s\open\src\hotspot\share\interpreter\linkResolver.cpp, line 773]
Event: 5.583 Thread 0x0000017d7e32c0f0 Exception <a 'java/lang/NoSuchMethodError'{0x00000000c961f308}: 'java.lang.Object java.lang.invoke.DirectMethodHandle$Holder.invokeStaticInit(java.lang.Object, int, int, int, int)'> (0x00000000c961f308) 
thrown [s\open\src\hotspot\share\interpreter\linkResolver.cpp, line 773]
Event: 5.631 Thread 0x0000017d7e32c0f0 Exception <a 'java/lang/NoSuchMethodError'{0x00000000c9536ac8}: 'java.lang.Object java.lang.invoke.DirectMethodHandle$Holder.invokeStaticInit(java.lang.Object, java.lang.Object, int, int, int, int)'> (0x00000000c9536ac8) 
thrown [s\open\src\hotspot\share\interpreter\linkResolver.cpp, line 773]
Event: 5.755 Thread 0x0000017d7e32c0f0 Implicit null exception at 0x0000017d0fe97222 to 0x0000017d0fe97534
Event: 5.756 Thread 0x0000017d7e32c0f0 Implicit null exception at 0x0000017d0fe9d822 to 0x0000017d0fe9db34
Event: 5.768 Thread 0x0000017d7e32c0f0 Exception <a 'java/lang/NoSuchMethodError'{0x00000000c862df48}: 'double java.lang.invoke.DirectMethodHandle$Holder.invokeVirtual(java.lang.Object, java.lang.Object)'> (0x00000000c862df48) 
thrown [s\open\src\hotspot\share\interpreter\linkResolver.cpp, line 773]
Event: 5.783 Thread 0x0000017d7e32c0f0 Exception <a 'java/lang/NoSuchMethodError'{0x00000000c853d090}: 'long java.lang.invoke.DirectMethodHandle$Holder.invokeStatic(java.lang.Object)'> (0x00000000c853d090) 
thrown [s\open\src\hotspot\share\interpreter\linkResolver.cpp, line 773]
Event: 5.806 Thread 0x0000017d63a32650 Exception <a 'java/lang/NoSuchMethodError'{0x00000000c839a788}: 'long java.lang.invoke.DelegatingMethodHandle$Holder.reinvoke_L(java.lang.Object, java.lang.Object)'> (0x00000000c839a788) 
thrown [s\open\src\hotspot\share\interpreter\linkResolver.cpp, line 773]
Event: 5.870 Thread 0x0000017d63a312a0 Exception <a 'java/net/ConnectException'{0x00000000c7ea5268}: Connection refused: getsockopt> (0x00000000c7ea5268) 
thrown [s\open\src\hotspot\share\prims\jni.cpp, line 539]
Event: 5.870 Thread 0x0000017d63a31930 Exception <a 'java/net/ConnectException'{0x00000000c7d889e8}: Connection refused: getsockopt> (0x00000000c7d889e8) 
thrown [s\open\src\hotspot\share\prims\jni.cpp, line 539]
Event: 5.873 Thread 0x0000017d64eb9650 Exception <a 'java/net/ConnectException'{0x00000000c7c01db8}: Connection refused: getsockopt> (0x00000000c7c01db8) 
thrown [s\open\src\hotspot\share\prims\jni.cpp, line 539]
Event: 5.873 Thread 0x0000017d64ebbdb0 Exception <a 'java/net/ConnectException'{0x00000000c7dfb7e8}: Connection refused: getsockopt> (0x00000000c7dfb7e8) 
thrown [s\open\src\hotspot\share\prims\jni.cpp, line 539]

ZGC Phase Switch (0 events):
No events

VM Operations (20 events):
Event: 4.918 Executing VM operation: HandshakeAllThreads (Deoptimize)
Event: 4.918 Executing VM operation: HandshakeAllThreads (Deoptimize) done
Event: 5.007 Executing VM operation: HandshakeAllThreads (Deoptimize)
Event: 5.008 Executing VM operation: HandshakeAllThreads (Deoptimize) done
Event: 5.024 Executing VM operation: HandshakeAllThreads (Deoptimize)
Event: 5.024 Executing VM operation: HandshakeAllThreads (Deoptimize) done
Event: 5.030 Executing VM operation: HandshakeAllThreads (Deoptimize)
Event: 5.030 Executing VM operation: HandshakeAllThreads (Deoptimize) done
Event: 5.121 Executing VM operation: HandshakeAllThreads (Deoptimize)
Event: 5.121 Executing VM operation: HandshakeAllThreads (Deoptimize) done
Event: 5.241 Executing VM operation: ICBufferFull
Event: 5.241 Executing VM operation: ICBufferFull done
Event: 5.598 Executing VM operation: HandshakeAllThreads (Deoptimize)
Event: 5.598 Executing VM operation: HandshakeAllThreads (Deoptimize) done
Event: 5.694 Executing VM operation: HandshakeAllThreads (Deoptimize)
Event: 5.694 Executing VM operation: HandshakeAllThreads (Deoptimize) done
Event: 5.765 Executing VM operation: HandshakeAllThreads (Deoptimize)
Event: 5.765 Executing VM operation: HandshakeAllThreads (Deoptimize) done
Event: 5.832 Executing VM operation: ICBufferFull
Event: 5.833 Executing VM operation: ICBufferFull done

Events (20 events):
Event: 4.039 Thread 0x0000017d1bec08c0 flushing nmethod 0x0000017d0fe92810
Event: 4.039 Thread 0x0000017d1bec08c0 flushing nmethod 0x0000017d0fe8da10
Event: 4.039 Thread 0x0000017d1bec08c0 flushing nmethod 0x0000017d0fe8cc90
Event: 4.039 Thread 0x0000017d1bec08c0 flushing nmethod 0x0000017d0fe8c290
Event: 4.039 Thread 0x0000017d1bec08c0 flushing nmethod 0x0000017d0fe75f10
Event: 4.039 Thread 0x0000017d1bec08c0 flushing nmethod 0x0000017d0fe78190
Event: 4.039 Thread 0x0000017d1bec08c0 flushing nmethod 0x0000017d0fe6a410
Event: 4.039 Thread 0x0000017d1bec08c0 flushing nmethod 0x0000017d0fe69d90
Event: 4.039 Thread 0x0000017d1bec08c0 flushing nmethod 0x0000017d0fe7d310
Event: 4.039 Thread 0x0000017d1bec08c0 flushing nmethod 0x0000017d0fe69490
Event: 4.039 Thread 0x0000017d1bec08c0 flushing nmethod 0x0000017d0fe66710
Event: 4.039 Thread 0x0000017d1bec08c0 flushing nmethod 0x0000017d0fe6b990
Event: 4.922 Thread 0x0000017d65d2cfa0 Thread added: 0x0000017d65d2cfa0
Event: 5.770 Thread 0x0000017d63a33370 Thread added: 0x0000017d63a33370
Event: 5.777 Thread 0x0000017d63a33a00 Thread added: 0x0000017d63a33a00
Event: 5.777 Thread 0x0000017d63a32650 Thread added: 0x0000017d63a32650
Event: 5.860 Thread 0x0000017d63a312a0 Thread added: 0x0000017d63a312a0
Event: 5.860 Thread 0x0000017d63a31930 Thread added: 0x0000017d63a31930
Event: 5.872 Thread 0x0000017d64ebbdb0 Thread added: 0x0000017d64ebbdb0
Event: 5.872 Thread 0x0000017d64eb9650 Thread added: 0x0000017d64eb9650


Dynamic libraries:
0x00007ff7e52a0000 - 0x00007ff7e52ae000 	C:\Java\jdk-21.0.2\bin\java.exe
0x00007fff10ae0000 - 0x00007fff10d46000 	C:\WINDOWS\SYSTEM32\ntdll.dll
0x00007fff0f080000 - 0x00007fff0f149000 	C:\WINDOWS\System32\KERNEL32.DLL
0x00007fff0e450000 - 0x00007fff0e84a000 	C:\WINDOWS\System32\KERNELBASE.dll
0x00007fff0dee0000 - 0x00007fff0e02c000 	C:\WINDOWS\System32\ucrtbase.dll
0x00007ffef7840000 - 0x00007ffef785b000 	C:\Java\jdk-21.0.2\bin\VCRUNTIME140.dll
0x00007ffef6a70000 - 0x00007ffef6a88000 	C:\Java\jdk-21.0.2\bin\jli.dll
0x00007fff10530000 - 0x00007fff106f7000 	C:\WINDOWS\System32\USER32.dll
0x00007ffefe230000 - 0x00007ffefe4c2000 	C:\WINDOWS\WinSxS\amd64_microsoft.windows.common-controls_6595b64144ccf1df_6.0.26100.8521_none_3e08b75ce33403b3\COMCTL32.dll
0x00007fff0e2e0000 - 0x00007fff0e307000 	C:\WINDOWS\System32\win32u.dll
0x00007fff0eaf0000 - 0x00007fff0eb99000 	C:\WINDOWS\System32\msvcrt.dll
0x00007fff0f150000 - 0x00007fff0f17b000 	C:\WINDOWS\System32\GDI32.dll
0x00007fff0e030000 - 0x00007fff0e15b000 	C:\WINDOWS\System32\gdi32full.dll
0x00007fff0e3a0000 - 0x00007fff0e443000 	C:\WINDOWS\System32\msvcp_win.dll
0x00007fff0eef0000 - 0x00007fff0ef22000 	C:\WINDOWS\System32\IMM32.DLL
0x00007ffefd0e0000 - 0x00007ffefd0ec000 	C:\Java\jdk-21.0.2\bin\vcruntime140_1.dll
0x00007ffecb290000 - 0x00007ffecb31e000 	C:\Java\jdk-21.0.2\bin\msvcp140.dll
0x00007ffe52730000 - 0x00007ffe53447000 	C:\Java\jdk-21.0.2\bin\server\jvm.dll
0x00007fff0fa90000 - 0x00007fff0fb46000 	C:\WINDOWS\System32\ADVAPI32.dll
0x00007fff0ec90000 - 0x00007fff0ed3a000 	C:\WINDOWS\System32\sechost.dll
0x00007fff0f180000 - 0x00007fff0f298000 	C:\WINDOWS\System32\RPCRT4.dll
0x00007fff0ff10000 - 0x00007fff0ff90000 	C:\WINDOWS\System32\WS2_32.dll
0x00007fff0dbf0000 - 0x00007fff0dc4e000 	C:\WINDOWS\SYSTEM32\POWRPROF.dll
0x00007fff060c0000 - 0x00007fff060cb000 	C:\WINDOWS\SYSTEM32\VERSION.dll
0x00007fff06080000 - 0x00007fff060b6000 	C:\WINDOWS\SYSTEM32\WINMM.dll
0x00007fff0dbd0000 - 0x00007fff0dbe4000 	C:\WINDOWS\SYSTEM32\UMPDC.dll
0x00007fff0cad0000 - 0x00007fff0caeb000 	C:\WINDOWS\SYSTEM32\kernel.appcore.dll
0x00007ffefbd60000 - 0x00007ffefbd6a000 	C:\Java\jdk-21.0.2\bin\jimage.dll
0x00007fff0b690000 - 0x00007fff0b8d2000 	C:\WINDOWS\SYSTEM32\DBGHELP.DLL
0x00007fff10710000 - 0x00007fff10a93000 	C:\WINDOWS\System32\combase.dll
0x00007fff0ebb0000 - 0x00007fff0ec89000 	C:\WINDOWS\System32\OLEAUT32.dll
0x00007ffef6c60000 - 0x00007ffef6c9b000 	C:\WINDOWS\SYSTEM32\dbgcore.DLL
0x00007fff0dd70000 - 0x00007fff0de18000 	C:\WINDOWS\System32\bcryptPrimitives.dll
0x00007ffef4880000 - 0x00007ffef489f000 	C:\Java\jdk-21.0.2\bin\java.dll
0x00007fff0f2a0000 - 0x00007fff0fa24000 	C:\WINDOWS\System32\SHELL32.dll
0x00007fff0b910000 - 0x00007fff0c190000 	C:\WINDOWS\SYSTEM32\windows.storage.dll
0x00007fff0ffa0000 - 0x00007fff10096000 	C:\WINDOWS\System32\SHCORE.dll
0x00007fff0e850000 - 0x00007fff0e8b7000 	C:\WINDOWS\System32\shlwapi.dll
0x00007fff0dc90000 - 0x00007fff0dcb9000 	C:\WINDOWS\SYSTEM32\profapi.dll
0x00007ffe97960000 - 0x00007ffe97a37000 	C:\Java\jdk-21.0.2\bin\jsvml.dll
0x00007ffeee450000 - 0x00007ffeee460000 	C:\Java\jdk-21.0.2\bin\net.dll
0x00007fff069f0000 - 0x00007fff06b19000 	C:\WINDOWS\SYSTEM32\WINHTTP.dll
0x00007fff0d070000 - 0x00007fff0d0dc000 	C:\WINDOWS\system32\mswsock.dll
0x00007ffeee2e0000 - 0x00007ffeee2f6000 	C:\Java\jdk-21.0.2\bin\nio.dll
0x00007ffeeb9b0000 - 0x00007ffeeb9c8000 	C:\Java\jdk-21.0.2\bin\zip.dll
0x00007fff08a10000 - 0x00007fff08a1a000 	C:\Java\jdk-21.0.2\bin\management.dll
0x00007fff08a00000 - 0x00007fff08a0b000 	C:\Java\jdk-21.0.2\bin\management_ext.dll
0x00007fff10700000 - 0x00007fff10708000 	C:\WINDOWS\System32\PSAPI.DLL
0x00007fff0c530000 - 0x00007fff0c67a000 	C:\WINDOWS\SYSTEM32\DNSAPI.dll
0x00007fff0ce50000 - 0x00007fff0ce5d000 	C:\WINDOWS\SYSTEM32\DSPARSE.dll
0x00007fff0c4a0000 - 0x00007fff0c4d3000 	C:\WINDOWS\SYSTEM32\IPHLPAPI.DLL
0x00007fff0fed0000 - 0x00007fff0feda000 	C:\WINDOWS\System32\NSI.dll
0x00007ffeffbd0000 - 0x00007ffeffbdb000 	C:\Windows\System32\rasadhlp.dll
0x00007fff03f30000 - 0x00007fff03fb6000 	C:\WINDOWS\System32\fwpuclnt.dll
0x00007ffeee2d0000 - 0x00007ffeee2d9000 	C:\Java\jdk-21.0.2\bin\extnet.dll
0x00007fff081a0000 - 0x00007fff081ae000 	C:\Java\jdk-21.0.2\bin\sunmscapi.dll
0x00007fff0e160000 - 0x00007fff0e2d8000 	C:\WINDOWS\System32\CRYPT32.dll
0x00007fff0d570000 - 0x00007fff0d5a0000 	C:\WINDOWS\SYSTEM32\ncrypt.dll
0x00007fff0d520000 - 0x00007fff0d55f000 	C:\WINDOWS\SYSTEM32\NTASN1.dll
0x00007ffef61e0000 - 0x00007ffef61e8000 	C:\WINDOWS\system32\wshunix.dll
0x00007fff0d350000 - 0x00007fff0d36b000 	C:\WINDOWS\SYSTEM32\CRYPTSP.dll
0x00007fff0ca30000 - 0x00007fff0ca69000 	C:\WINDOWS\system32\rsaenh.dll
0x00007fff0d120000 - 0x00007fff0d153000 	C:\WINDOWS\SYSTEM32\USERENV.dll
0x00007fff0dc60000 - 0x00007fff0dc8a000 	C:\WINDOWS\SYSTEM32\bcrypt.dll
0x00007fff0d370000 - 0x00007fff0d37c000 	C:\WINDOWS\SYSTEM32\CRYPTBASE.dll

dbghelp: loaded successfully - version: 4.0.5 - missing functions: none
symbol engine: initialized successfully - sym options: 0x614 - pdb path: .;C:\Java\jdk-21.0.2\bin;C:\WINDOWS\SYSTEM32;C:\WINDOWS\WinSxS\amd64_microsoft.windows.common-controls_6595b64144ccf1df_6.0.26100.8521_none_3e08b75ce33403b3;C:\Java\jdk-21.0.2\bin\server

VM Arguments:
jvm_args: -Xms256m -Xmx1024m 
java_command: C:\Users\HP\AppData\Local\Temp\surefire6526873323155862521\surefirebooter-20260630235207073_3.jar C:\Users\HP\AppData\Local\Temp\surefire6526873323155862521 2026-06-30T23-52-06_923-jvmRun1 surefire-20260630235207073_1tmp surefire_0-20260630235207073_2tmp
java_class_path (initial): C:\Users\HP\AppData\Local\Temp\surefire6526873323155862521\surefirebooter-20260630235207073_3.jar
Launcher Type: SUN_STANDARD

[Global flags]
     intx CICompilerCount                          = 4                                         {product} {ergonomic}
     uint ConcGCThreads                            = 3                                         {product} {ergonomic}
     uint G1ConcRefinementThreads                  = 10                                        {product} {ergonomic}
   size_t G1HeapRegionSize                         = 1048576                                   {product} {ergonomic}
    uintx GCDrainStackTargetSize                   = 64                                        {product} {ergonomic}
   size_t InitialHeapSize                          = 268435456                                 {product} {command line}
   size_t MarkStackSize                            = 4194304                                   {product} {ergonomic}
   size_t MaxHeapSize                              = 1073741824                                {product} {command line}
   size_t MaxNewSize                               = 643825664                                 {product} {ergonomic}
   size_t MinHeapDeltaBytes                        = 1048576                                   {product} {ergonomic}
   size_t MinHeapSize                              = 268435456                                 {product} {command line}
    uintx NonNMethodCodeHeapSize                   = 5839372                                {pd product} {ergonomic}
    uintx NonProfiledCodeHeapSize                  = 122909434                              {pd product} {ergonomic}
    uintx ProfiledCodeHeapSize                     = 122909434                              {pd product} {ergonomic}
    uintx ReservedCodeCacheSize                    = 251658240                              {pd product} {ergonomic}
     bool SegmentedCodeCache                       = true                                      {product} {ergonomic}
   size_t SoftMaxHeapSize                          = 1073741824                             {manageable} {ergonomic}
     bool UseCompressedOops                        = true                           {product lp64_product} {ergonomic}
     bool UseG1GC                                  = true                                      {product} {ergonomic}
     bool UseLargePagesIndividualAllocation        = false                                  {pd product} {ergonomic}

Logging:
Log output configuration:
 #0: stdout all=warning uptime,level,tags foldmultilines=false
 #1: stderr all=off uptime,level,tags foldmultilines=false

Environment Variables:
JAVA_HOME=C:\Java\jdk-21.0.2
PATH=C:\Windows\system32;C:\Windows;C:\Windows\System32\Wbem;C:\Windows\System32\WindowsPowerShell\v1.0\;C:\Windows\System32\OpenSSH\;C:\Program Files (x86)\NVIDIA Corporation\PhysX\Common;C:\Program Files\NVIDIA Corporation\NVIDIA NvDLISR;C:\Program Files\Git\cmd;C:\Program Files\nodejs\;C:\WINDOWS\system32;C:\WINDOWS;C:\WINDOWS\System32\Wbem;C:\WINDOWS\System32\WindowsPowerShell\v1.0\;C:\WINDOWS\System32\OpenSSH\;C:\Program Files (x86)\cURL\bin;C:\Program Files\Microsoft SQL Server\Client SDK\ODBC\170\Tools\Binn\;C:\Program Files\dotnet\;C:\Program Files\Microsoft SQL Server\Client SDK\ODBC\110\Tools\Binn\;C:\Program Files\Microsoft SQL Server\120\Tools\Binn\;C:\Program Files (x86)\Microsoft SQL Server\120\Tools\Binn\;C:\Program Files\Microsoft SQL Server\120\DTS\Binn\;C:\Program Files (x86)\Microsoft SQL Server\120\Tools\Binn\ManagementStudio\;C:\Program Files (x86)\Microsoft SQL Server\120\DTS\Binn\;%JAVA_HOME%\bin;%MAVEN_HOME%\bin;;C:\Program Files\Docker\Docker\resources\bin;C:\Users\HP\AppData\Local\Programs\Python\Python311\Scripts\;C:\Users\HP\AppData\Local\Programs\Python\Python311\;C:\Users\HP\AppData\Local\Microsoft\WindowsApps;C:\Users\HP\AppData\Local\Programs\Microsoft VS Code\bin;C:\Users\HP\AppData\Roaming\npm;C:\Users\HP\.dotnet\tools;C:\Java\jdk-21.0.2\bin;C:\apache-maven-3.9.16\bin;
USERNAME=HP
OS=Windows_NT
PROCESSOR_IDENTIFIER=AMD64 Family 25 Model 80 Stepping 0, AuthenticAMD
TMP=C:\Users\HP\AppData\Local\Temp
TEMP=C:\Users\HP\AppData\Local\Temp




Periodic native trim disabled

---------------  S Y S T E M  ---------------

OS:
 Windows 11 , 64 bit Build 26100 (10.0.26100.8521)
OS uptime: 1 days 12:47 hours
Hyper-V role detected

CPU: total 12 (initial active 12) (12 cores per cpu, 2 threads per core) family 25 model 80 stepping 0 microcode 0xa50000c, cx8, cmov, fxsr, ht, mmx, 3dnowpref, sse, sse2, sse3, ssse3, sse4a, sse4.1, sse4.2, popcnt, lzcnt, tsc, tscinvbit, avx, avx2, aes, erms, clmul, bmi1, bmi2, adx, sha, fma, vzeroupper, clflush, clflushopt, hv, rdtscp, rdpid, fsrm, f16c, cet_ss
Processor Information for processor 0
  Max Mhz: 3301, Current Mhz: 3301, Mhz Limit: 3301
Processor Information for processor 1
  Max Mhz: 3301, Current Mhz: 1805, Mhz Limit: 3301
Processor Information for processor 2
  Max Mhz: 3301, Current Mhz: 3301, Mhz Limit: 3301
Processor Information for processor 3
  Max Mhz: 3301, Current Mhz: 3301, Mhz Limit: 3301
Processor Information for processor 4
  Max Mhz: 3301, Current Mhz: 3301, Mhz Limit: 3301
Processor Information for processor 5
  Max Mhz: 3301, Current Mhz: 3301, Mhz Limit: 3301
Processor Information for processor 6
  Max Mhz: 3301, Current Mhz: 3301, Mhz Limit: 3301
Processor Information for processor 7
  Max Mhz: 3301, Current Mhz: 3301, Mhz Limit: 3301
Processor Information for processor 8
  Max Mhz: 3301, Current Mhz: 1805, Mhz Limit: 3301
Processor Information for processor 9
  Max Mhz: 3301, Current Mhz: 1805, Mhz Limit: 3301
Processor Information for processor 10
  Max Mhz: 3301, Current Mhz: 1805, Mhz Limit: 3301
Processor Information for processor 11
  Max Mhz: 3301, Current Mhz: 1805, Mhz Limit: 3301

Memory: 4k page, system-wide physical 20332M (5928M free)
TotalPageFile size 22380M (AvailPageFile size 7M)
current process WorkingSet (physical memory assigned to process): 359M, peak: 359M
current process commit charge ("private bytes"): 516M, peak: 517M

vm_info: OpenJDK 64-Bit Server VM (21.0.2+13-58) for windows-amd64 JRE (21.0.2+13-58), built on 2024-01-05T18:32:24Z by "mach5one" with MS VC++ 17.1 (VS2022)

END.
